Component: ARM Compiler 5.06 update 6 (build 750) Tool: armlink [4d35ed]

==============================================================================

Section Cross References

    startup_stm32f407xx.o(RESET) refers to startup_stm32f407xx.o(STACK) for __initial_sp
    startup_stm32f407xx.o(RESET) refers to startup_stm32f407xx.o(.text) for Reset_Handler
    startup_stm32f407xx.o(RESET) refers to stm32f4xx_it.o(i.NMI_Handler) for NMI_Handler
    startup_stm32f407xx.o(RESET) refers to stm32f4xx_it.o(i.HardFault_Handler) for HardFault_Handler
    startup_stm32f407xx.o(RESET) refers to stm32f4xx_it.o(i.MemManage_Handler) for MemManage_Handler
    startup_stm32f407xx.o(RESET) refers to stm32f4xx_it.o(i.BusFault_Handler) for BusFault_Handler
    startup_stm32f407xx.o(RESET) refers to stm32f4xx_it.o(i.UsageFault_Handler) for UsageFault_Handler
    startup_stm32f407xx.o(RESET) refers to port.o(.emb_text) for SVC_Handler
    startup_stm32f407xx.o(RESET) refers to stm32f4xx_it.o(i.DebugMon_Handler) for DebugMon_Handler
    startup_stm32f407xx.o(RESET) refers to stm32f4xx_it.o(i.SysTick_Handler) for SysTick_Handler
    startup_stm32f407xx.o(RESET) refers to stm32f4xx_it.o(i.ADC_IRQHandler) for ADC_IRQHandler
    startup_stm32f407xx.o(RESET) refers to stm32f4xx_it.o(i.USART1_IRQHandler) for USART1_IRQHandler
    startup_stm32f407xx.o(RESET) refers to stm32f4xx_it.o(i.UART4_IRQHandler) for UART4_IRQHandler
    startup_stm32f407xx.o(.text) refers to system_stm32f4xx.o(i.SystemInit) for SystemInit
    startup_stm32f407xx.o(.text) refers to entry.o(.ARM.Collect$$$$00000000) for __main
    main.o(i.SystemClock_Config) refers to memseta.o(.text) for __aeabi_memclr4
    main.o(i.SystemClock_Config) refers to stm32f4xx_hal_rcc.o(i.HAL_RCC_OscConfig) for HAL_RCC_OscConfig
    main.o(i.SystemClock_Config) refers to stm32f4xx_hal_rcc.o(i.HAL_RCC_ClockConfig) for HAL_RCC_ClockConfig
    main.o(i.main) refers to stm32f4xx_hal.o(i.HAL_Init) for HAL_Init
    main.o(i.main) refers to main.o(i.SystemClock_Config) for SystemClock_Config
    main.o(i.main) refers to gpio.o(i.MX_GPIO_Init) for MX_GPIO_Init
    main.o(i.main) refers to adc.o(i.MX_ADC1_Init) for MX_ADC1_Init
    main.o(i.main) refers to usart.o(i.MX_UART4_Init) for MX_UART4_Init
    main.o(i.main) refers to usart.o(i.MX_USART1_UART_Init) for MX_USART1_UART_Init
    main.o(i.main) refers to esp8266.o(i.ESP8266_Station_Config) for ESP8266_Station_Config
    main.o(i.main) refers to dht11.o(i.DHT11_Init) for DHT11_Init
    main.o(i.main) refers to freertos.o(i.MX_FREERTOS_Init) for MX_FREERTOS_Init
    main.o(i.main) refers to cmsis_os.o(i.osKernelStart) for osKernelStart
    gpio.o(i.MX_GPIO_Init) refers to memseta.o(.text) for __aeabi_memclr4
    gpio.o(i.MX_GPIO_Init) refers to stm32f4xx_hal_gpio.o(i.HAL_GPIO_WritePin) for HAL_GPIO_WritePin
    gpio.o(i.MX_GPIO_Init) refers to stm32f4xx_hal_gpio.o(i.HAL_GPIO_Init) for HAL_GPIO_Init
    freertos.o(i.MX_FREERTOS_Init) refers to memcpya.o(.text) for __aeabi_memcpy4
    freertos.o(i.MX_FREERTOS_Init) refers to cmsis_os.o(i.osThreadCreate) for osThreadCreate
    freertos.o(i.MX_FREERTOS_Init) refers to freertos.o(.constdata) for .constdata
    freertos.o(i.MX_FREERTOS_Init) refers to freertos.o(.data) for .data
    freertos.o(i.StarLightTask) refers to cmsis_os.o(i.osThreadSuspend) for osThreadSuspend
    freertos.o(i.StarLightTask) refers to stm32f4xx_hal_adc.o(i.HAL_ADC_Start) for HAL_ADC_Start
    freertos.o(i.StarLightTask) refers to stm32f4xx_hal_adc.o(i.HAL_ADC_PollForConversion) for HAL_ADC_PollForConversion
    freertos.o(i.StarLightTask) refers to printfa.o(i.__0printf) for __2printf
    freertos.o(i.StarLightTask) refers to cmsis_os.o(i.osDelay) for osDelay
    freertos.o(i.StarLightTask) refers to stm32f4xx_hal_adc.o(i.HAL_ADC_Stop) for HAL_ADC_Stop
    freertos.o(i.StarLightTask) refers to stm32f4xx_hal_adc.o(i.HAL_ADC_GetValue) for HAL_ADC_GetValue
    freertos.o(i.StarLightTask) refers to dfltui.o(.text) for __aeabi_ui2d
    freertos.o(i.StarLightTask) refers to dmul.o(.text) for __aeabi_dmul
    freertos.o(i.StarLightTask) refers to d2f.o(.text) for __aeabi_d2f
    freertos.o(i.StarLightTask) refers to freertos.o(.data) for .data
    freertos.o(i.StarLightTask) refers to adc.o(.bss) for hadc1
    freertos.o(i.StartDHT11Task) refers to cmsis_os.o(i.osThreadSuspend) for osThreadSuspend
    freertos.o(i.StartDHT11Task) refers to cmsis_os.o(i.osDelay) for osDelay
    freertos.o(i.StartDHT11Task) refers to dht11.o(i.DHT11_Read_TempAndHumidity) for DHT11_Read_TempAndHumidity
    freertos.o(i.StartDHT11Task) refers to printfa.o(i.__0printf) for __2printf
    freertos.o(i.StartDHT11Task) refers to freertos.o(.bss) for .bss
    freertos.o(i.StartDHT11Task) refers to freertos.o(.data) for .data
    freertos.o(i.StartWIFIRecTask) refers to printfa.o(i.__0printf) for __2printf
    freertos.o(i.StartWIFIRecTask) refers to strcmp.o(.text) for strcmp
[...]
    ../clib/microlib/printf/stubs.s          0x00000000   Number         0  stubs.o ABSOLUTE
    ../clib/microlib/stdio/streams.c         0x00000000   Number         0  stdout.o ABSOLUTE
    ../clib/microlib/string/memcpy.c         0x00000000   Number         0  memcpya.o ABSOLUTE
    ../clib/microlib/string/memcpy.c         0x00000000   Number         0  memcpyb.o ABSOLUTE
    ../clib/microlib/string/memset.c         0x00000000   Number         0  memseta.o ABSOLUTE
    ../clib/microlib/string/memset.c         0x00000000   Number         0  memset.o ABSOLUTE
    ../clib/microlib/string/strcmp.c         0x00000000   Number         0  strcmp.o ABSOLUTE
    ../clib/microlib/string/strlen.c         0x00000000   Number         0  strlen.o ABSOLUTE
    ../clib/microlib/string/strstr.c         0x00000000   Number         0  strstr.o ABSOLUTE
    ../clib/microlib/stubs.s                 0x00000000   Number         0  iusefp.o ABSOLUTE
    ../fplib/microlib/d2f.c                  0x00000000   Number         0  d2f.o ABSOLUTE
    ../fplib/microlib/f2d.c                  0x00000000   Number         0  f2d.o ABSOLUTE
    ../fplib/microlib/fpadd.c                0x00000000   Number         0  dadd.o ABSOLUTE
    ../fplib/microlib/fpdiv.c                0x00000000   Number         0  ddiv.o ABSOLUTE
    ../fplib/microlib/fpepilogue.c           0x00000000   Number         0  fepilogue.o ABSOLUTE
    ../fplib/microlib/fpepilogue.c           0x00000000   Number         0  depilogue.o ABSOLUTE
    ../fplib/microlib/fpfix.c                0x00000000   Number         0  dfixul.o ABSOLUTE
    ../fplib/microlib/fpflt.c                0x00000000   Number         0  dfltui.o ABSOLUTE
    ../fplib/microlib/fpmul.c                0x00000000   Number         0  dmul.o ABSOLUTE
    ..\Core\Src\ESP8266.c                    0x00000000   Number         0  esp8266.o ABSOLUTE
    ..\Core\Src\adc.c                        0x00000000   Number         0  adc.o ABSOLUTE
    ..\Core\Src\dht11.c                      0x00000000   Number         0  dht11.o ABSOLUTE
    ..\Core\Src\freertos.c                   0x00000000   Number         0  freertos.o ABSOLUTE
    ..\Core\Src\gpio.c                       0x00000000   Number         0  gpio.o ABSOLUTE
    ..\Core\Src\main.c                       0x00000000   Number         0  main.o ABSOLUTE
    ..\Core\Src\stm32f4xx_hal_msp.c          0x00000000   Number         0  stm32f4xx_hal_msp.o ABSOLUTE
    ..\Core\Src\stm32f4xx_it.c               0x00000000   Number         0  stm32f4xx_it.o ABSOLUTE
    ..\Core\Src\system_stm32f4xx.c           0x00000000   Number         0  system_stm32f4xx.o ABSOLUTE
    ..\Core\Src\usart.c                      0x00000000   Number         0  usart.o ABSOLUTE
    ..\Drivers\STM32F4xx_HAL_Driver\Src\stm32f4xx_hal.c 0x00000000   Number         0  stm32f4xx_hal.o ABSOLUTE
    ..\Drivers\STM32F4xx_HAL_Driver\Src\stm32f4xx_hal_adc.c 0x00000000   Number         0  stm32f4xx_hal_adc.o ABSOLUTE
    ..\Drivers\STM32F4xx_HAL_Driver\Src\stm32f4xx_hal_adc_ex.c 0x00000000   Number         0  stm32f4xx_hal_adc_ex.o ABSOLUTE
    ..\Drivers\STM32F4xx_HAL_Driver\Src\stm32f4xx_hal_cortex.c 0x00000000   Number         0  stm32f4xx_hal_cortex.o ABSOLUTE
    ..\Drivers\STM32F4xx_HAL_Driver\Src\stm32f4xx_hal_dma.c 0x00000000   Number         0  stm32f4xx_hal_dma.o ABSOLUTE
    ..\Drivers\STM32F4xx_HAL_Driver\Src\stm32f4xx_hal_dma_ex.c 0x00000000   Number         0  stm32f4xx_hal_dma_ex.o ABSOLUTE
    ..\Drivers\STM32F4xx_HAL_Driver\Src\stm32f4xx_hal_exti.c 0x00000000   Number         0  stm32f4xx_hal_exti.o ABSOLUTE
    ..\Drivers\STM32F4xx_HAL_Driver\Src\stm32f4xx_hal_flash.c 0x00000000   Number         0  stm32f4xx_hal_flash.o ABSOLUTE
    ..\Drivers\STM32F4xx_HAL_Driver\Src\stm32f4xx_hal_flash_ex.c 0x00000000   Number         0  stm32f4xx_hal_flash_ex.o ABSOLUTE
    ..\Drivers\STM32F4xx_HAL_Driver\Src\stm32f4xx_hal_flash_ramfunc.c 0x00000000   Number         0  stm32f4xx_hal_flash_ramfunc.o ABSOLUTE
    ..\Drivers\STM32F4xx_HAL_Driver\Src\stm32f4xx_hal_gpio.c 0x00000000   Number         0  stm32f4xx_hal_gpio.o ABSOLUTE
    ..\Drivers\STM32F4xx_HAL_Driver\Src\stm32f4xx_hal_pwr.c 0x00000000   Number         0  stm32f4xx_hal_pwr.o ABSOLUTE
    ..\Drivers\STM32F4xx_HAL_Driver\Src\stm32f4xx_hal_pwr_ex.c 0x00000000   Number         0  stm32f4xx_hal_pwr_ex.o ABSOLUTE
    ..\Drivers\STM32F4xx_HAL_Driver\Src\stm32f4xx_hal_rcc.c 0x00000000   Number         0  stm32f4xx_hal_rcc.o ABSOLUTE
    ..\Drivers\STM32F4xx_HAL_Driver\Src\stm32f4xx_hal_rcc_ex.c 0x00000000   Number         0  stm32f4xx_hal_rcc_ex.o ABSOLUTE
    ..\Drivers\STM32F4xx_HAL_Driver\Src\stm32f4xx_hal_tim.c 0x00000000   Number         0  stm32f4xx_hal_tim.o ABSOLUTE
    ..\Drivers\STM32F4xx_HAL_Driver\Src\stm32f4xx_hal_tim_ex.c 0x00000000   Number         0  stm32f4xx_hal_tim_ex.o ABSOLUTE
    ..\Drivers\STM32F4xx_HAL_Driver\Src\stm32f4xx_hal_uart.c 0x00000000   Number         0  stm32f4xx_hal_uart.o ABSOLUTE
    ..\Middlewares\Third_Party\FreeRTOS\Source\CMSIS_RTOS\cmsis_os.c 0x00000000   Number         0  cmsis_os.o ABSOLUTE
    ..\Middlewares\Third_Party\FreeRTOS\Source\portable\RVDS\ARM_CM4F\port.c 0x00000000   Number         0  port.o ABSOLUTE
    ..\\Core\\Src\\ESP8266.c                 0x00000000   Number         0  esp8266.o ABSOLUTE
    ..\\Core\\Src\\dht11.c                   0x00000000   Number         0  dht11.o ABSOLUTE
    cdrcmple.s                               0x00000000   Number         0  cdrcmple.o ABSOLUTE
    dc.s                                     0x00000000   Number         0  dc.o ABSOLUTE
    handlers.s                               0x00000000   Number         0  handlers.o ABSOLUTE
    init.s                                   0x00000000   Number         0  init.o ABSOLUTE
    startup_stm32f407xx.s                    0x00000000   Number         0  startup_stm32f407xx.o ABSOLUTE
    RESET                                    0x08000000   Section      392  startup_stm32f407xx.o(RESET)
    .ARM.Collect$$$$00000000                 0x08000188   Section        0  entry.o(.ARM.Collect$$$$00000000)
    .ARM.Collect$$$$00000001                 0x08000188   Section        4  entry2.o(.ARM.Collect$$$$00000001)
    .ARM.Collect$$$$00000004                 0x0800018c   Section        4  entry5.o(.ARM.Collect$$$$00000004)
    .ARM.Collect$$$$00000008                 0x08000190   Section        0  entry7b.o(.ARM.Collect$$$$00000008)
    .ARM.Collect$$$$0000000A                 0x08000190   Section        0  entry8b.o(.ARM.Collect$$$$0000000A)
    .ARM.Collect$$$$0000000B                 0x08000190   Section        8  entry9a.o(.ARM.Collect$$$$0000000B)
    .ARM.Collect$$$$0000000D                 0x08000198   Section        0  entry10a.o(.ARM.Collect$$$$0000000D)
    .ARM.Collect$$$$0000000F                 0x08000198   Section        0  entry11a.o(.ARM.Collect$$$$0000000F)
    .ARM.Collect$$$$00002712                 0x08000198   Section        4  entry2.o(.ARM.Collect$$$$00002712)
    __lit__00000000                          0x08000198   Data           4  entry2.o(.ARM.Collect$$$$00002712)
    .emb_text                                0x0800019c   Section      190  port.o(.emb_text)
    $v0                                      0x0800019c   Number         0  port.o(.emb_text)
    .text                                    0x0800025c   Section       36  startup_stm32f407xx.o(.text)
    $v0                                      0x0800025c   Number         0  startup_stm32f407xx.o(.text)
    .text                                    0x08000280   Section        0  uldiv.o(.text)
    .text                                    0x080002e2   Section        0  memcpya.o(.text)
    .text                                    0x08000306   Section        0  memseta.o(.text)
    .text                                    0x0800032a   Section        0  strstr.o(.text)
    .text                                    0x0800034e   Section        0  strlen.o(.text)
    .text                                    0x0800035c   Section        0  strcmp.o(.text)
    .text                                    0x08000378   Section        0  dmul.o(.text)
    .text                                    0x0800045c   Section        0  dfltui.o(.text)
    .text                                    0x08000476   Section        0  f2d.o(.text)
    .text                                    0x0800049c   Section        0  d2f.o(.text)
    .text                                    0x080004d4   Section        0  uidiv.o(.text)
    .text                                    0x08000500   Section        0  llshl.o(.text)
    .text                                    0x0800051e   Section        0  llushr.o(.text)
    .text                                    0x0800053e   Section        0  iusefp.o(.text)
    .text                                    0x0800053e   Section        0  fepilogue.o(.text)
    .text                                    0x080005ac   Section        0  depilogue.o(.text)
    .text                                    0x08000666   Section        0  dadd.o(.text)
    .text                                    0x080007b4   Section        0  ddiv.o(.text)
    .text                                    0x08000892   Section        0  dfixul.o(.text)
    .text                                    0x080008c4   Section       48  cdrcmple.o(.text)
    .text                                    0x080008f4   Section       36  init.o(.text)
    .text                                    0x08000918   Section        0  llsshr.o(.text)
    i.ADC_IRQHandler                         0x0800093c   Section        0  stm32f4xx_it.o(i.ADC_IRQHandler)
    i.ADC_Init                               0x08000948   Section        0  stm32f4xx_hal_adc.o(i.ADC_Init)
    ADC_Init                                 0x08000949   Thumb Code   284  stm32f4xx_hal_adc.o(i.ADC_Init)
    i.BusFault_Handler                       0x08000a70   Section        0  stm32f4xx_it.o(i.BusFault_Handler)
    i.DHT11_Delay                            0x08000a72   Section        0  dht11.o(i.DHT11_Delay)
    DHT11_Delay                              0x08000a73   Thumb Code    22  dht11.o(i.DHT11_Delay)
    i.DHT11_Init                             0x08000a88   Section        0  dht11.o(i.DHT11_Init)
    i.DHT11_Mode_Out_PP                      0x08000ab8   Section        0  dht11.o(i.DHT11_Mode_Out_PP)
    DHT11_Mode_Out_PP                        0x08000ab9   Thumb Code    26  dht11.o(i.DHT11_Mode_Out_PP)
    i.DHT11_ReadByte                         0x08000ad8   Section        0  dht11.o(i.DHT11_ReadByte)
    DHT11_ReadByte                           0x08000ad9   Thumb Code    92  dht11.o(i.DHT11_ReadByte)
    i.DHT11_Read_TempAndHumidity             0x08000b38   Section        0  dht11.o(i.DHT11_Read_TempAndHumidity)
    i.DebugMon_Handler                       0x08000c30   Section        0  stm32f4xx_it.o(i.DebugMon_Handler)
    i.ESP8266_Station_Config                 0x08000c34   Section        0  esp8266.o(i.ESP8266_Station_Config)
    i.Error_Handler                          0x08000f70   Section        0  main.o(i.Error_Handler)
    i.HAL_ADCEx_InjectedConvCpltCallback     0x08000f74   Section        0  stm32f4xx_hal_adc_ex.o(i.HAL_ADCEx_InjectedConvCpltCallback)
    i.HAL_ADC_ConfigChannel                  0x08000f78   Section        0  stm32f4xx_hal_adc.o(i.HAL_ADC_ConfigChannel)
    i.HAL_ADC_ConvCpltCallback               0x080010c4   Section        0  stm32f4xx_hal_adc.o(i.HAL_ADC_ConvCpltCallback)
    i.HAL_ADC_ErrorCallback                  0x080010c6   Section        0  stm32f4xx_hal_adc.o(i.HAL_ADC_ErrorCallback)
    i.HAL_ADC_GetValue                       0x080010c8   Section        0  stm32f4xx_hal_adc.o(i.HAL_ADC_GetValue)
    i.HAL_ADC_IRQHandler                     0x080010ce   Section        0  stm32f4xx_hal_adc.o(i.HAL_ADC_IRQHandler)
    i.HAL_ADC_Init                           0x0800120a   Section        0  stm32f4xx_hal_adc.o(i.HAL_ADC_Init)
    i.HAL_ADC_LevelOutOfWindowCallback       0x0800125e   Section        0  stm32f4xx_hal_adc.o(i.HAL_ADC_LevelOutOfWindowCallback)
    i.HAL_ADC_MspInit                        0x08001260   Section        0  adc.o(i.HAL_ADC_MspInit)
    i.HAL_ADC_PollForConversion              0x080012d0   Section        0  stm32f4xx_hal_adc.o(i.HAL_ADC_PollForConversion)
    i.HAL_ADC_Start                          0x0800137c   Section        0  stm32f4xx_hal_adc.o(i.HAL_ADC_Start)
    i.HAL_ADC_Stop                           0x08001478   Section        0  stm32f4xx_hal_adc.o(i.HAL_ADC_Stop)
    i.HAL_DMA_Abort                          0x080014b4   Section        0  stm32f4xx_hal_dma.o(i.HAL_DMA_Abort)
    i.HAL_DMA_Abort_IT                       0x08001542   Section        0  stm32f4xx_hal_dma.o(i.HAL_DMA_Abort_IT)
    i.HAL_Delay                              0x08001568   Section        0  stm32f4xx_hal.o(i.HAL_Delay)
    i.HAL_GPIO_Init                          0x0800158c   Section        0  stm32f4xx_hal_gpio.o(i.HAL_GPIO_Init)
    i.HAL_GPIO_ReadPin                       0x08001778   Section        0  stm32f4xx_hal_gpio.o(i.HAL_GPIO_ReadPin)
    i.HAL_GPIO_WritePin                      0x08001782   Section        0  stm32f4xx_hal_gpio.o(i.HAL_GPIO_WritePin)
    i.HAL_GetTick                            0x0800178c   Section        0  stm32f4xx_hal.o(i.HAL_GetTick)
    i.HAL_IncTick                            0x08001798   Section        0  stm32f4xx_hal.o(i.HAL_IncTick)
    i.HAL_Init                               0x080017a8   Section        0  stm32f4xx_hal.o(i.HAL_Init)
    i.HAL_InitTick                           0x080017dc   Section        0  stm32f4xx_hal.o(i.HAL_InitTick)
    i.HAL_MspInit                            0x0800181c   Section        0  stm32f4xx_hal_msp.o(i.HAL_MspInit)
    i.HAL_NVIC_EnableIRQ                     0x08001854   Section        0  stm32f4xx_hal_cortex.o(i.HAL_NVIC_EnableIRQ)
    i.HAL_NVIC_SetPriority                   0x08001870   Section        0  stm32f4xx_hal_cortex.o(i.HAL_NVIC_SetPriority)
    i.HAL_NVIC_SetPriorityGrouping           0x080018b0   Section        0  stm32f4xx_hal_cortex.o(i.HAL_NVIC_SetPriorityGrouping)
    i.HAL_RCC_ClockConfig                    0x080018d4   Section        0  stm32f4xx_hal_rcc.o(i.HAL_RCC_ClockConfig)
    i.HAL_RCC_GetPCLK1Freq                   0x08001a08   Section        0  stm32f4xx_hal_rcc.o(i.HAL_RCC_GetPCLK1Freq)
    i.HAL_RCC_GetPCLK2Freq                   0x08001a28   Section        0  stm32f4xx_hal_rcc.o(i.HAL_RCC_GetPCLK2Freq)
    i.HAL_RCC_GetSysClockFreq                0x08001a48   Section        0  stm32f4xx_hal_rcc.o(i.HAL_RCC_GetSysClockFreq)
    i.HAL_RCC_OscConfig                      0x08001aa8   Section        0  stm32f4xx_hal_rcc.o(i.HAL_RCC_OscConfig)
    i.HAL_SYSTICK_Config                     0x08001e14   Section        0  stm32f4xx_hal_cortex.o(i.HAL_SYSTICK_Config)
    i.HAL_UARTEx_RxEventCallback             0x08001e3c   Section        0  stm32f4xx_hal_uart.o(i.HAL_UARTEx_RxEventCallback)
    i.HAL_UART_ErrorCallback                 0x08001e3e   Section        0  stm32f4xx_hal_uart.o(i.HAL_UART_ErrorCallback)
    i.HAL_UART_IRQHandler                    0x08001e40   Section        0  stm32f4xx_hal_uart.o(i.HAL_UART_IRQHandler)
    i.HAL_UART_Init                          0x08002050   Section        0  stm32f4xx_hal_uart.o(i.HAL_UART_Init)
    i.HAL_UART_MspInit                       0x080020b4   Section        0  usart.o(i.HAL_UART_MspInit)
    i.HAL_UART_Receive_IT                    0x0800217c   Section        0  stm32f4xx_hal_uart.o(i.HAL_UART_Receive_IT)
    i.HAL_UART_RxCpltCallback                0x080021a8   Section        0  usart.o(i.HAL_UART_RxCpltCallback)
    i.HAL_UART_Transmit                      0x080021bc   Section        0  stm32f4xx_hal_uart.o(i.HAL_UART_Transmit)
    i.HAL_UART_TxCpltCallback                0x0800226e   Section        0  stm32f4xx_hal_uart.o(i.HAL_UART_TxCpltCallback)
    i.HardFault_Handler                      0x08002270   Section        0  stm32f4xx_it.o(i.HardFault_Handler)
    i.MX_ADC1_Init                           0x08002274   Section        0  adc.o(i.MX_ADC1_Init)
    i.MX_FREERTOS_Init                       0x080022d4   Section        0  freertos.o(i.MX_FREERTOS_Init)
    i.MX_GPIO_Init                           0x0800233c   Section        0  gpio.o(i.MX_GPIO_Init)
    i.MX_UART4_Init                          0x08002458   Section        0  usart.o(i.MX_UART4_Init)
    i.MX_USART1_UART_Init                    0x08002490   Section        0  usart.o(i.MX_USART1_UART_Init)
    i.MemManage_Handler                      0x080024c8   Section        0  stm32f4xx_it.o(i.MemManage_Handler)
    i.NMI_Handler                            0x080024ca   Section        0  stm32f4xx_it.o(i.NMI_Handler)
    i.StarLightTask                          0x080024cc   Section        0  freertos.o(i.StarLightTask)
    i.StartDHT11Task                         0x08002570   Section        0  freertos.o(i.StartDHT11Task)
    i.StartWIFIRecTask                       0x080025e0   Section        0  freertos.o(i.StartWIFIRecTask)
    i.StartWIFISendTask                      0x08002800   Section        0  freertos.o(i.StartWIFISendTask)
    i.SysTick_Handler                        0x08002874   Section        0  stm32f4xx_it.o(i.SysTick_Handler)
    i.SystemClock_Config                     0x0800288c   Section        0  main.o(i.SystemClock_Config)
    i.SystemInit                             0x0800291c   Section        0  system_stm32f4xx.o(i.SystemInit)
    i.UART4_IRQHandler                       0x0800292c   Section        0  stm32f4xx_it.o(i.UART4_IRQHandler)
    i.UART_DMAAbortOnError                   0x08002938   Section        0  stm32f4xx_hal_uart.o(i.UART_DMAAbortOnError)
    UART_DMAAbortOnError                     0x08002939   Thumb Code    16  stm32f4xx_hal_uart.o(i.UART_DMAAbortOnError)
    i.UART_EndRxTransfer                     0x08002948   Section        0  stm32f4xx_hal_uart.o(i.UART_EndRxTransfer)
    UART_EndRxTransfer                       0x08002949   Thumb Code    48  stm32f4xx_hal_uart.o(i.UART_EndRxTransfer)
    i.UART_Receive_IT                        0x08002978   Section        0  stm32f4xx_hal_uart.o(i.UART_Receive_IT)
    UART_Receive_IT                          0x08002979   Thumb Code   174  stm32f4xx_hal_uart.o(i.UART_Receive_IT)
    i.UART_SetConfig                         0x08002a28   Section        0  stm32f4xx_hal_uart.o(i.UART_SetConfig)
    UART_SetConfig                           0x08002a29   Thumb Code   258  stm32f4xx_hal_uart.o(i.UART_SetConfig)
    i.UART_Start_Receive_IT                  0x08002b34   Section        0  stm32f4xx_hal_uart.o(i.UART_Start_Receive_IT)
    i.UART_WaitOnFlagUntilTimeout            0x08002b6a   Section        0  stm32f4xx_hal_uart.o(i.UART_WaitOnFlagUntilTimeout)
    UART_WaitOnFlagUntilTimeout              0x08002b6b   Thumb Code   100  stm32f4xx_hal_uart.o(i.UART_WaitOnFlagUntilTimeout)
    i.USART1_IRQHandler                      0x08002bd0   Section        0  stm32f4xx_it.o(i.USART1_IRQHandler)
    i.UsageFault_Handler                     0x08002bdc   Section        0  stm32f4xx_it.o(i.UsageFault_Handler)
    i.Wifi_Interrupt                         0x08002be0   Section        0  esp8266.o(i.Wifi_Interrupt)
    i.Wifi_Reset                             0x08002c5c   Section        0  esp8266.o(i.Wifi_Reset)
    i.Wifi_SendCmd                           0x08002d00   Section        0  esp8266.o(i.Wifi_SendCmd)
    i.Wifi_SendData                          0x08002da0   Section        0  esp8266.o(i.Wifi_SendData)
    i.__0printf                              0x08002dc0   Section        0  printfa.o(i.__0printf)
    i.__0sprintf                             0x08002de0   Section        0  printfa.o(i.__0sprintf)
    i.__NVIC_SetPriority                     0x08002e08   Section        0  stm32f4xx_hal_cortex.o(i.__NVIC_SetPriority)
    __NVIC_SetPriority                       0x08002e09   Thumb Code    32  stm32f4xx_hal_cortex.o(i.__NVIC_SetPriority)
    i.__scatterload_copy                     0x08002e28   Section       14  handlers.o(i.__scatterload_copy)
    i.__scatterload_null                     0x08002e36   Section        2  handlers.o(i.__scatterload_null)
    i.__scatterload_zeroinit                 0x08002e38   Section       14  handlers.o(i.__scatterload_zeroinit)
    i._fp_digits                             0x08002e48   Section        0  printfa.o(i._fp_digits)
    _fp_digits                               0x08002e49   Thumb Code   366  printfa.o(i._fp_digits)
    i._printf_core                           0x08002fcc   Section        0  printfa.o(i._printf_core)
    _printf_core                             0x08002fcd   Thumb Code  1744  printfa.o(i._printf_core)
    i._printf_post_padding                   0x080036a8   Section        0  printfa.o(i._printf_post_padding)
    _printf_post_padding                     0x080036a9   Thumb Code    36  printfa.o(i._printf_post_padding)
    i._printf_pre_padding                    0x080036cc   Section        0  printfa.o(i._printf_pre_padding)
    _printf_pre_padding                      0x080036cd   Thumb Code    46  printfa.o(i._printf_pre_padding)
    i._sputc                                 0x080036fa   Section        0  printfa.o(i._sputc)
    _sputc                                   0x080036fb   Thumb Code    10  printfa.o(i._sputc)
    i.fputc                                  0x08003704   Section        0  usart.o(i.fputc)
    i.inHandlerMode                          0x08003720   Section        0  cmsis_os.o(i.inHandlerMode)
    inHandlerMode                            0x08003721   Thumb Code    12  cmsis_os.o(i.inHandlerMode)
    i.main                                   0x0800372c   Section        0  main.o(i.main)
    i.makeFreeRtosPriority                   0x08003756   Section        0  cmsis_os.o(i.makeFreeRtosPriority)
    makeFreeRtosPriority                     0x08003757   Thumb Code    12  cmsis_os.o(i.makeFreeRtosPriority)
    i.osDelay                                0x08003762   Section        0  cmsis_os.o(i.osDelay)
    i.osKernelStart                          0x08003770   Section        0  cmsis_os.o(i.osKernelStart)
    i.osThreadCreate                         0x0800377a   Section        0  cmsis_os.o(i.osThreadCreate)
    i.osThreadResume                         0x080037d0   Section        0  cmsis_os.o(i.osThreadResume)
    i.osThreadSuspend                        0x08003804   Section        0  cmsis_os.o(i.osThreadSuspend)
    i.prvAddCurrentTaskToDelayedList         0x08003810   Section        0  tasks.o(i.prvAddCurrentTaskToDelayedList)
    prvAddCurrentTaskToDelayedList           0x08003811   Thumb Code   102  tasks.o(i.prvAddCurrentTaskToDelayedList)
    i.prvAddNewTaskToReadyList               0x08003880   Section        0  tasks.o(i.prvAddNewTaskToReadyList)
    prvAddNewTaskToReadyList                 0x08003881   Thumb Code   194  tasks.o(i.prvAddNewTaskToReadyList)
    i.prvDeleteTCB                           0x08003950   Section        0  tasks.o(i.prvDeleteTCB)
    prvDeleteTCB                             0x08003951   Thumb Code    52  tasks.o(i.prvDeleteTCB)
    i.prvHeapInit                            0x08003984   Section        0  heap_4.o(i.prvHeapInit)
    prvHeapInit                              0x08003985   Thumb Code    66  heap_4.o(i.prvHeapInit)
    i.prvIdleTask                            0x080039d0   Section        0  tasks.o(i.prvIdleTask)
    prvIdleTask                              0x080039d1   Thumb Code    82  tasks.o(i.prvIdleTask)
    i.prvInitialiseNewTask                   0x08003a30   Section        0  tasks.o(i.prvInitialiseNewTask)
    prvInitialiseNewTask                     0x08003a31   Thumb Code   152  tasks.o(i.prvInitialiseNewTask)
    i.prvInsertBlockIntoFreeList             0x08003ac8   Section        0  heap_4.o(i.prvInsertBlockIntoFreeList)
    prvInsertBlockIntoFreeList               0x08003ac9   Thumb Code    72  heap_4.o(i.prvInsertBlockIntoFreeList)
    i.prvResetNextTaskUnblockTime            0x08003b14   Section        0  tasks.o(i.prvResetNextTaskUnblockTime)
    prvResetNextTaskUnblockTime              0x08003b15   Thumb Code    26  tasks.o(i.prvResetNextTaskUnblockTime)
    i.prvTaskExitError                       0x08003b34   Section        0  port.o(i.prvTaskExitError)
    prvTaskExitError                         0x08003b35   Thumb Code    36  port.o(i.prvTaskExitError)
    i.prvTaskIsTaskSuspended                 0x08003b5c   Section        0  tasks.o(i.prvTaskIsTaskSuspended)
    prvTaskIsTaskSuspended                   0x08003b5d   Thumb Code    48  tasks.o(i.prvTaskIsTaskSuspended)
    i.pvPortMalloc                           0x08003b90   Section        0  heap_4.o(i.pvPortMalloc)
    i.pxPortInitialiseStack                  0x08003c6c   Section        0  port.o(i.pxPortInitialiseStack)
    i.uxListRemove                           0x08003c98   Section        0  list.o(i.uxListRemove)
    i.vApplicationGetIdleTaskMemory          0x08003cc0   Section        0  freertos.o(i.vApplicationGetIdleTaskMemory)
    i.vListInitialise                        0x08003cd4   Section        0  list.o(i.vListInitialise)
    i.vListInitialiseItem                    0x08003cea   Section        0  list.o(i.vListInitialiseItem)
    i.vListInsert                            0x08003cf0   Section        0  list.o(i.vListInsert)
    i.vListInsertEnd                         0x08003d20   Section        0  list.o(i.vListInsertEnd)
    i.vPortEnterCritical                     0x08003d38   Section        0  port.o(i.vPortEnterCritical)
    i.vPortExitCritical                      0x08003d78   Section        0  port.o(i.vPortExitCritical)
    i.vPortFree                              0x08003da0   Section        0  heap_4.o(i.vPortFree)
    i.vPortSetupTimerInterrupt               0x08003e04   Section        0  port.o(i.vPortSetupTimerInterrupt)
    i.vPortValidateInterruptPriority         0x08003e28   Section        0  port.o(i.vPortValidateInterruptPriority)
    i.vTaskDelay                             0x08003e7c   Section        0  tasks.o(i.vTaskDelay)
    i.vTaskResume                            0x08003ec8   Section        0  tasks.o(i.vTaskResume)
    i.vTaskStartScheduler                    0x08003f44   Section        0  tasks.o(i.vTaskStartScheduler)
    i.vTaskSuspend                           0x08003fb0   Section        0  tasks.o(i.vTaskSuspend)
    i.vTaskSuspendAll                        0x0800406c   Section        0  tasks.o(i.vTaskSuspendAll)
    i.vTaskSwitchContext                     0x0800407c   Section        0  tasks.o(i.vTaskSwitchContext)
    i.xPortStartScheduler                    0x080040d8   Section        0  port.o(i.xPortStartScheduler)
    i.xPortSysTickHandler                    0x080041cc   Section        0  port.o(i.xPortSysTickHandler)
    i.xTaskCreate                            0x080041f8   Section        0  tasks.o(i.xTaskCreate)
    i.xTaskCreateStatic                      0x08004252   Section        0  tasks.o(i.xTaskCreateStatic)
    i.xTaskGetSchedulerState                 0x080042a8   Section        0  tasks.o(i.xTaskGetSchedulerState)
    i.xTaskIncrementTick                     0x080042c4   Section        0  tasks.o(i.xTaskIncrementTick)
    i.xTaskResumeAll                         0x08004390   Section        0  tasks.o(i.xTaskResumeAll)
    i.xTaskResumeFromISR                     0x08004454   Section        0  tasks.o(i.xTaskResumeFromISR)
    .constdata                               0x080044dc   Section      112  freertos.o(.constdata)
    .constdata                               0x0800454c   Section       16  system_stm32f4xx.o(.constdata)
    .constdata                               0x0800455c   Section        8  system_stm32f4xx.o(.constdata)
    .conststring                             0x08004564   Section       50  freertos.o(.conststring)
    .data                                    0x20000000   Section       20  freertos.o(.data)
    .data                                    0x20000014   Section       42  esp8266.o(.data)
    .data                                    0x20000040   Section       12  stm32f4xx_hal.o(.data)
    .data                                    0x2000004c   Section        4  system_stm32f4xx.o(.data)
    .data                                    0x20000050   Section       60  tasks.o(.data)
    uxDeletedTasksWaitingCleanUp             0x20000054   Data           4  tasks.o(.data)
    uxCurrentNumberOfTasks                   0x20000058   Data           4  tasks.o(.data)
    xTickCount                               0x2000005c   Data           4  tasks.o(.data)
    uxTopReadyPriority                       0x20000060   Data           4  tasks.o(.data)
    xSchedulerRunning                        0x20000064   Data           4  tasks.o(.data)
    xPendedTicks                             0x20000068   Data           4  tasks.o(.data)
    xYieldPending                            0x2000006c   Data           4  tasks.o(.data)
    xNumOfOverflows                          0x20000070   Data           4  tasks.o(.data)
    uxTaskNumber                             0x20000074   Data           4  tasks.o(.data)
    xNextTaskUnblockTime                     0x20000078   Data           4  tasks.o(.data)
    xIdleTaskHandle                          0x2000007c   Data           4  tasks.o(.data)
    uxSchedulerSuspended                     0x20000080   Data           4  tasks.o(.data)
    pxDelayedTaskList                        0x20000084   Data           4  tasks.o(.data)
    pxOverflowDelayedTaskList                0x20000088   Data           4  tasks.o(.data)
    .data                                    0x2000008c   Section       32  heap_4.o(.data)
    pxEnd                                    0x2000008c   Data           4  heap_4.o(.data)
    xFreeBytesRemaining                      0x20000090   Data           4  heap_4.o(.data)
    xMinimumEverFreeBytesRemaining           0x20000094   Data           4  heap_4.o(.data)
    xNumberOfSuccessfulAllocations           0x20000098   Data           4  heap_4.o(.data)
    xNumberOfSuccessfulFrees                 0x2000009c   Data           4  heap_4.o(.data)
    xBlockAllocatedBit                       0x200000a0   Data           4  heap_4.o(.data)
    xStart                                   0x200000a4   Data           8  heap_4.o(.data)
    .data                                    0x200000ac   Section       12  port.o(.data)
    ucMaxSysCallPriority                     0x200000ac   Data           1  port.o(.data)
    uxCriticalNesting                        0x200000b0   Data           4  port.o(.data)
    ulMaxPRIGROUPValue                       0x200000b4   Data           4  port.o(.data)
    .data                                    0x200000b8   Section        4  stdout.o(.data)
    .bss                                     0x200000bc   Section      612  freertos.o(.bss)
    xIdleTaskTCBBuffer                       0x200000cc   Data          84  freertos.o(.bss)
    xIdleStack                               0x20000120   Data         512  freertos.o(.bss)
    .bss                                     0x20000320   Section       72  adc.o(.bss)
    .bss                                     0x20000368   Section      136  usart.o(.bss)
    .bss                                     0x200003f0   Section      200  esp8266.o(.bss)
    .bss                                     0x200004b8   Section      240  tasks.o(.bss)
    pxReadyTasksLists                        0x200004b8   Data         140  tasks.o(.bss)
    xDelayedTaskList1                        0x20000544   Data          20  tasks.o(.bss)
    xDelayedTaskList2                        0x20000558   Data          20  tasks.o(.bss)
    xPendingReadyList                        0x2000056c   Data          20  tasks.o(.bss)
    xTasksWaitingTermination                 0x20000580   Data          20  tasks.o(.bss)
    xSuspendedTaskList                       0x20000594   Data          20  tasks.o(.bss)
    .bss                                     0x200005a8   Section    15360  heap_4.o(.bss)
    ucHeap                                   0x200005a8   Data       15360  heap_4.o(.bss)
    STACK                                    0x200041a8   Section     1024  startup_stm32f407xx.o(STACK)

    Global Symbols

    Symbol Name                              Value     Ov Type        Size  Object(Section)

    BuildAttributes$$THM_ISAv4$E$P$D$K$B$S$7EM$VFPi3$EXTD16$VFPS$VFMA$PE$A:L22UL41UL21$X:L11$S22US41US21$IEEE1$IW$USESV6$~STKCKD$USESV7$~SHL$OTIME$ROPI$EBA8$MICROLIB$REQ8$PRES8$EABIv2 0x00000000   Number         0  anon$$obj.o ABSOLUTE
    __ARM_use_no_argv                        0x00000000   Number         0  main.o ABSOLUTE
    _printf_a                                0x00000000   Number         0  stubs.o ABSOLUTE
    _printf_c                                0x00000000   Number         0  stubs.o ABSOLUTE
    _printf_charcount                        0x00000000   Number         0  stubs.o ABSOLUTE
    _printf_d                                0x00000000   Number         0  stubs.o ABSOLUTE
    _printf_e                                0x00000000   Number         0  stubs.o ABSOLUTE
    _printf_f                                0x00000000   Number         0  stubs.o ABSOLUTE
    _printf_flags                            0x00000000   Number         0  stubs.o ABSOLUTE
    _printf_fp_dec                           0x00000000   Number         0  stubs.o ABSOLUTE
    _printf_fp_hex                           0x00000000   Number         0  stubs.o ABSOLUTE
    _printf_g                                0x00000000   Number         0  stubs.o ABSOLUTE
    _printf_i                                0x00000000   Number         0  stubs.o ABSOLUTE
    _printf_int_dec                          0x00000000   Number         0  stubs.o ABSOLUTE
    _printf_l                                0x00000000   Number         0  stubs.o ABSOLUTE
    _printf_lc                               0x00000000   Number         0  stubs.o ABSOLUTE
    _printf_ll                               0x00000000   Number         0  stubs.o ABSOLUTE
    _printf_lld                              0x00000000   Number         0  stubs.o ABSOLUTE
    _printf_lli                              0x00000000   Number         0  stubs.o ABSOLUTE
    _printf_llo                              0x00000000   Number         0  stubs.o ABSOLUTE
    _printf_llu                              0x00000000   Number         0  stubs.o ABSOLUTE
    _printf_llx                              0x00000000   Number         0  stubs.o ABSOLUTE
    _printf_longlong_dec                     0x00000000   Number         0  stubs.o ABSOLUTE
    _printf_longlong_hex                     0x00000000   Number         0  stubs.o ABSOLUTE
    _printf_longlong_oct                     0x00000000   Number         0  stubs.o ABSOLUTE
    _printf_ls                               0x00000000   Number         0  stubs.o ABSOLUTE
    _printf_mbtowc                           0x00000000   Number         0  stubs.o ABSOLUTE
    _printf_n                                0x00000000   Number         0  stubs.o ABSOLUTE
    _printf_o                                0x00000000   Number         0  stubs.o ABSOLUTE
    _printf_p                                0x00000000   Number         0  stubs.o ABSOLUTE
    _printf_percent                          0x00000000   Number         0  stubs.o ABSOLUTE
    _printf_pre_padding                      0x00000000   Number         0  stubs.o ABSOLUTE
    _printf_return_value                     0x00000000   Number         0  stubs.o ABSOLUTE
    _printf_s                                0x00000000   Number         0  stubs.o ABSOLUTE
    _printf_sizespec                         0x00000000   Number         0  stubs.o ABSOLUTE
    _printf_str                              0x00000000   Number         0  stubs.o ABSOLUTE
    _printf_truncate_signed                  0x00000000   Number         0  stubs.o ABSOLUTE
    _printf_truncate_unsigned                0x00000000   Number         0  stubs.o ABSOLUTE
    _printf_u                                0x00000000   Number         0  stubs.o ABSOLUTE
    _printf_wc                               0x00000000   Number         0  stubs.o ABSOLUTE
    _printf_wctomb                           0x00000000   Number         0  stubs.o ABSOLUTE
    _printf_widthprec                        0x00000000   Number         0  stubs.o ABSOLUTE
    _printf_x                                0x00000000   Number         0  stubs.o ABSOLUTE
    __cpp_initialize__aeabi_                  - Undefined Weak Reference
    __cxa_finalize                            - Undefined Weak Reference
    __decompress                              - Undefined Weak Reference
    _clock_init                               - Undefined Weak Reference
    _microlib_exit                            - Undefined Weak Reference
    __Vectors_Size                           0x00000188   Number         0  startup_stm32f407xx.o ABSOLUTE
    __Vectors                                0x08000000   Data           4  startup_stm32f407xx.o(RESET)
    __Vectors_End                            0x08000188   Data           0  startup_stm32f407xx.o(RESET)
    __main                                   0x08000189   Thumb Code     0  entry.o(.ARM.Collect$$$$00000000)
    _main_stk                                0x08000189   Thumb Code     0  entry2.o(.ARM.Collect$$$$00000001)
    _main_scatterload                        0x0800018d   Thumb Code     0  entry5.o(.ARM.Collect$$$$00000004)
    __main_after_scatterload                 0x08000191   Thumb Code     0  entry5.o(.ARM.Collect$$$$00000004)
    _main_clock                              0x08000191   Thumb Code     0  entry7b.o(.ARM.Collect$$$$00000008)
    _main_cpp_init                           0x08000191   Thumb Code     0  entry8b.o(.ARM.Collect$$$$0000000A)
    _main_init                               0x08000191   Thumb Code     0  entry9a.o(.ARM.Collect$$$$0000000B)
    __rt_final_cpp                           0x08000199   Thumb Code     0  entry10a.o(.ARM.Collect$$$$0000000D)
    __rt_final_exit                          0x08000199   Thumb Code     0  entry11a.o(.ARM.Collect$$$$0000000F)
    SVC_Handler                              0x0800019d   Thumb Code    28  port.o(.emb_text)
    __asm___6_port_c_39a90d8d__prvStartFirstTask 0x080001bd   Thumb Code    36  port.o(.emb_text)
    __asm___6_port_c_39a90d8d__prvEnableVFP  0x080001e5   Thumb Code    16  port.o(.emb_text)
    PendSV_Handler                           0x080001f9   Thumb Code    88  port.o(.emb_text)
    vPortGetIPSR                             0x08000255   Thumb Code     6  port.o(.emb_text)
    Reset_Handler                            0x0800025d   Thumb Code     8  startup_stm32f407xx.o(.text)
    CAN1_RX0_IRQHandler                      0x08000277   Thumb Code     0  startup_stm32f407xx.o(.text)
    CAN1_RX1_IRQHandler                      0x08000277   Thumb Code     0  startup_stm32f407xx.o(.text)
    CAN1_SCE_IRQHandler                      0x08000277   Thumb Code     0  startup_stm32f407xx.o(.text)
    CAN1_TX_IRQHandler                       0x08000277   Thumb Code     0  startup_stm32f407xx.o(.text)
    CAN2_RX0_IRQHandler                      0x08000277   Thumb Code     0  startup_stm32f407xx.o(.text)
    CAN2_RX1_IRQHandler                      0x08000277   Thumb Code     0  startup_stm32f407xx.o(.text)
    CAN2_SCE_IRQHandler                      0x08000277   Thumb Code     0  startup_stm32f407xx.o(.text)
    CAN2_TX_IRQHandler                       0x08000277   Thumb Code     0  startup_stm32f407xx.o(.text)
    DCMI_IRQHandler                          0x08000277   Thumb Code     0  startup_stm32f407xx.o(.text)
    DMA1_Stream0_IRQHandler                  0x08000277   Thumb Code     0  startup_stm32f407xx.o(.text)
    DMA1_Stream1_IRQHandler                  0x08000277   Thumb Code     0  startup_stm32f407xx.o(.text)
    DMA1_Stream2_IRQHandler                  0x08000277   Thumb Code     0  startup_stm32f407xx.o(.text)
    DMA1_Stream3_IRQHandler                  0x08000277   Thumb Code     0  startup_stm32f407xx.o(.text)
    DMA1_Stream4_IRQHandler                  0x08000277   Thumb Code     0  startup_stm32f407xx.o(.text)
    DMA1_Stream5_IRQHandler                  0x08000277   Thumb Code     0  startup_stm32f407xx.o(.text)
    DMA1_Stream6_IRQHandler                  0x08000277   Thumb Code     0  startup_stm32f407xx.o(.text)
    DMA1_Stream7_IRQHandler                  0x08000277   Thumb Code     0  startup_stm32f407xx.o(.text)
    DMA2_Stream0_IRQHandler                  0x08000277   Thumb Code     0  startup_stm32f407xx.o(.text)
    DMA2_Stream1_IRQHandler                  0x08000277   Thumb Code     0  startup_stm32f407xx.o(.text)
    DMA2_Stream2_IRQHandler                  0x08000277   Thumb Code     0  startup_stm32f407xx.o(.text)
    DMA2_Stream3_IRQHandler                  0x08000277   Thumb Code     0  startup_stm32f407xx.o(.text)
    DMA2_Stream4_IRQHandler                  0x08000277   Thumb Code     0  startup_stm32f407xx.o(.text)
    DMA2_Stream5_IRQHandler                  0x08000277   Thumb Code     0  startup_stm32f407xx.o(.text)
    DMA2_Stream6_IRQHandler                  0x08000277   Thumb Code     0  startup_stm32f407xx.o(.text)
    DMA2_Stream7_IRQHandler                  0x08000277   Thumb Code     0  startup_stm32f407xx.o(.text)
    ETH_IRQHandler                           0x08000277   Thumb Code     0  startup_stm32f407xx.o(.text)
    ETH_WKUP_IRQHandler                      0x08000277   Thumb Code     0  startup_stm32f407xx.o(.text)
    EXTI0_IRQHandler                         0x08000277   Thumb Code     0  startup_stm32f407xx.o(.text)
    EXTI15_10_IRQHandler                     0x08000277   Thumb Code     0  startup_stm32f407xx.o(.text)
    EXTI1_IRQHandler                         0x08000277   Thumb Code     0  startup_stm32f407xx.o(.text)
    EXTI2_IRQHandler                         0x08000277   Thumb Code     0  startup_stm32f407xx.o(.text)
    EXTI3_IRQHandler                         0x08000277   Thumb Code     0  startup_stm32f407xx.o(.text)
    EXTI4_IRQHandler                         0x08000277   Thumb Code     0  startup_stm32f407xx.o(.text)
    EXTI9_5_IRQHandler                       0x08000277   Thumb Code     0  startup_stm32f407xx.o(.text)
    FLASH_IRQHandler                         0x08000277   Thumb Code     0  startup_stm32f407xx.o(.text)
    FMC_IRQHandler                           0x08000277   Thumb Code     0  startup_stm32f407xx.o(.text)
    FPU_IRQHandler                           0x08000277   Thumb Code     0  startup_stm32f407xx.o(.text)
    HASH_RNG_IRQHandler                      0x08000277   Thumb Code     0  startup_stm32f407xx.o(.text)
    I2C1_ER_IRQHandler                       0x08000277   Thumb Code     0  startup_stm32f407xx.o(.text)
    I2C1_EV_IRQHandler                       0x08000277   Thumb Code     0  startup_stm32f407xx.o(.text)
    I2C2_ER_IRQHandler                       0x08000277   Thumb Code     0  startup_stm32f407xx.o(.text)
    I2C2_EV_IRQHandler                       0x08000277   Thumb Code     0  startup_stm32f407xx.o(.text)
    I2C3_ER_IRQHandler                       0x08000277   Thumb Code     0  startup_stm32f407xx.o(.text)
    I2C3_EV_IRQHandler                       0x08000277   Thumb Code     0  startup_stm32f407xx.o(.text)
    OTG_FS_IRQHandler                        0x08000277   Thumb Code     0  startup_stm32f407xx.o(.text)
    OTG_FS_WKUP_IRQHandler                   0x08000277   Thumb Code     0  startup_stm32f407xx.o(.text)
    OTG_HS_EP1_IN_IRQHandler                 0x08000277   Thumb Code     0  startup_stm32f407xx.o(.text)
    OTG_HS_EP1_OUT_IRQHandler                0x08000277   Thumb Code     0  startup_stm32f407xx.o(.text)
    OTG_HS_IRQHandler                        0x08000277   Thumb Code     0  startup_stm32f407xx.o(.text)
    OTG_HS_WKUP_IRQHandler                   0x08000277   Thumb Code     0  startup_stm32f407xx.o(.text)
    PVD_IRQHandler                           0x08000277   Thumb Code     0  startup_stm32f407xx.o(.text)
    RCC_IRQHandler                           0x08000277   Thumb Code     0  startup_stm32f407xx.o(.text)
    RTC_Alarm_IRQHandler                     0x08000277   Thumb Code     0  startup_stm32f407xx.o(.text)
    RTC_WKUP_IRQHandler                      0x08000277   Thumb Code     0  startup_stm32f407xx.o(.text)
    SDIO_IRQHandler                          0x08000277   Thumb Code     0  startup_stm32f407xx.o(.text)
    SPI1_IRQHandler                          0x08000277   Thumb Code     0  startup_stm32f407xx.o(.text)
    SPI2_IRQHandler                          0x08000277   Thumb Code     0  startup_stm32f407xx.o(.text)
    SPI3_IRQHandler                          0x08000277   Thumb Code     0  startup_stm32f407xx.o(.text)
    TAMP_STAMP_IRQHandler                    0x08000277   Thumb Code     0  startup_stm32f407xx.o(.text)
    TIM1_BRK_TIM9_IRQHandler                 0x08000277   Thumb Code     0  startup_stm32f407xx.o(.text)
    TIM1_CC_IRQHandler                       0x08000277   Thumb Code     0  startup_stm32f407xx.o(.text)
    TIM1_TRG_COM_TIM11_IRQHandler            0x08000277   Thumb Code     0  startup_stm32f407xx.o(.text)
    TIM1_UP_TIM10_IRQHandler                 0x08000277   Thumb Code     0  startup_stm32f407xx.o(.text)
    TIM2_IRQHandler                          0x08000277   Thumb Code     0  startup_stm32f407xx.o(.text)
    TIM3_IRQHandler                          0x08000277   Thumb Code     0  startup_stm32f407xx.o(.text)
    TIM4_IRQHandler                          0x08000277   Thumb Code     0  startup_stm32f407xx.o(.text)
    TIM5_IRQHandler                          0x08000277   Thumb Code     0  startup_stm32f407xx.o(.text)
    TIM6_DAC_IRQHandler                      0x08000277   Thumb Code     0  startup_stm32f407xx.o(.text)
    TIM7_IRQHandler                          0x08000277   Thumb Code     0  startup_stm32f407xx.o(.text)
    TIM8_BRK_TIM12_IRQHandler                0x08000277   Thumb Code     0  startup_stm32f407xx.o(.text)
    TIM8_CC_IRQHandler                       0x08000277   Thumb Code     0  startup_stm32f407xx.o(.text)
    TIM8_TRG_COM_TIM14_IRQHandler            0x08000277   Thumb Code     0  startup_stm32f407xx.o(.text)
    TIM8_UP_TIM13_IRQHandler                 0x08000277   Thumb Code     0  startup_stm32f407xx.o(.text)
    UART5_IRQHandler                         0x08000277   Thumb Code     0  startup_stm32f407xx.o(.text)
    USART2_IRQHandler                        0x08000277   Thumb Code     0  startup_stm32f407xx.o(.text)
    USART3_IRQHandler                        0x08000277   Thumb Code     0  startup_stm32f407xx.o(.text)
    USART6_IRQHandler                        0x08000277   Thumb Code     0  startup_stm32f407xx.o(.text)
    WWDG_IRQHandler                          0x08000277   Thumb Code     0  startup_stm32f407xx.o(.text)
    __aeabi_uldivmod                         0x08000281   Thumb Code    98  uldiv.o(.text)
    __aeabi_memcpy                           0x080002e3   Thumb Code    36  memcpya.o(.text)
    __aeabi_memcpy4                          0x080002e3   Thumb Code     0  memcpya.o(.text)
    __aeabi_memcpy8                          0x080002e3   Thumb Code     0  memcpya.o(.text)
    __aeabi_memset                           0x08000307   Thumb Code    14  memseta.o(.text)
    __aeabi_memset4                          0x08000307   Thumb Code     0  memseta.o(.text)
    __aeabi_memset8                          0x08000307   Thumb Code     0  memseta.o(.text)
    __aeabi_memclr                           0x08000315   Thumb Code     4  memseta.o(.text)
    __aeabi_memclr4                          0x08000315   Thumb Code     0  memseta.o(.text)
    __aeabi_memclr8                          0x08000315   Thumb Code     0  memseta.o(.text)
    memset                                   0x08000319   Thumb Code    18  memseta.o(.text)
    strstr                                   0x0800032b   Thumb Code    36  strstr.o(.text)
    strlen                                   0x0800034f   Thumb Code    14  strlen.o(.text)
    strcmp                                   0x0800035d   Thumb Code    28  strcmp.o(.text)
    __aeabi_dmul                             0x08000379   Thumb Code   228  dmul.o(.text)
    __aeabi_ui2d                             0x0800045d   Thumb Code    26  dfltui.o(.text)
    __aeabi_f2d                              0x08000477   Thumb Code    38  f2d.o(.text)
    __aeabi_d2f                              0x0800049d   Thumb Code    56  d2f.o(.text)
    __aeabi_uidiv                            0x080004d5   Thumb Code     0  uidiv.o(.text)
    __aeabi_uidivmod                         0x080004d5   Thumb Code    44  uidiv.o(.text)
    __aeabi_llsl                             0x08000501   Thumb Code    30  llshl.o(.text)
    _ll_shift_l                              0x08000501   Thumb Code     0  llshl.o(.text)
    __aeabi_llsr                             0x0800051f   Thumb Code    32  llushr.o(.text)
    _ll_ushift_r                             0x0800051f   Thumb Code     0  llushr.o(.text)
    __I$use$fp                               0x0800053f   Thumb Code     0  iusefp.o(.text)
    _float_round                             0x0800053f   Thumb Code    18  fepilogue.o(.text)
    _float_epilogue                          0x08000551   Thumb Code    92  fepilogue.o(.text)
    _double_round                            0x080005ad   Thumb Code    30  depilogue.o(.text)
    _double_epilogue                         0x080005cb   Thumb Code   156  depilogue.o(.text)
    __aeabi_dadd                             0x08000667   Thumb Code   322  dadd.o(.text)
    __aeabi_dsub                             0x080007a9   Thumb Code     6  dadd.o(.text)
    __aeabi_drsub                            0x080007af   Thumb Code     6  dadd.o(.text)
    __aeabi_ddiv                             0x080007b5   Thumb Code   222  ddiv.o(.text)
    __aeabi_d2ulz                            0x08000893   Thumb Code    48  dfixul.o(.text)
    __aeabi_cdrcmple                         0x080008c5   Thumb Code    48  cdrcmple.o(.text)
    __scatterload                            0x080008f5   Thumb Code    28  init.o(.text)
    __scatterload_rt2                        0x080008f5   Thumb Code     0  init.o(.text)
    __aeabi_lasr                             0x08000919   Thumb Code    36  llsshr.o(.text)
    _ll_sshift_r                             0x08000919   Thumb Code     0  llsshr.o(.text)
    ADC_IRQHandler                           0x0800093d   Thumb Code     6  stm32f4xx_it.o(i.ADC_IRQHandler)
    BusFault_Handler                         0x08000a71   Thumb Code     2  stm32f4xx_it.o(i.BusFault_Handler)
    DHT11_Init                               0x08000a89   Thumb Code    38  dht11.o(i.DHT11_Init)
    DHT11_Read_TempAndHumidity               0x08000b39   Thumb Code   240  dht11.o(i.DHT11_Read_TempAndHumidity)
    DebugMon_Handler                         0x08000c31   Thumb Code     2  stm32f4xx_it.o(i.DebugMon_Handler)
    ESP8266_Station_Config                   0x08000c35   Thumb Code   314  esp8266.o(i.ESP8266_Station_Config)
    Error_Handler                            0x08000f71   Thumb Code     4  main.o(i.Error_Handler)
    HAL_ADCEx_InjectedConvCpltCallback       0x08000f75   Thumb Code     2  stm32f4xx_hal_adc_ex.o(i.HAL_ADCEx_InjectedConvCpltCallback)
    HAL_ADC_ConfigChannel                    0x08000f79   Thumb Code   316  stm32f4xx_hal_adc.o(i.HAL_ADC_ConfigChannel)
    HAL_ADC_ConvCpltCallback                 0x080010c5   Thumb Code     2  stm32f4xx_hal_adc.o(i.HAL_ADC_ConvCpltCallback)
    HAL_ADC_ErrorCallback                    0x080010c7   Thumb Code     2  stm32f4xx_hal_adc.o(i.HAL_ADC_ErrorCallback)
    HAL_ADC_GetValue                         0x080010c9   Thumb Code     6  stm32f4xx_hal_adc.o(i.HAL_ADC_GetValue)
    HAL_ADC_IRQHandler                       0x080010cf   Thumb Code   316  stm32f4xx_hal_adc.o(i.HAL_ADC_IRQHandler)
    HAL_ADC_Init                             0x0800120b   Thumb Code    84  stm32f4xx_hal_adc.o(i.HAL_ADC_Init)
    HAL_ADC_LevelOutOfWindowCallback         0x0800125f   Thumb Code     2  stm32f4xx_hal_adc.o(i.HAL_ADC_LevelOutOfWindowCallback)
    HAL_ADC_MspInit                          0x08001261   Thumb Code   100  adc.o(i.HAL_ADC_MspInit)
    HAL_ADC_PollForConversion                0x080012d1   Thumb Code   170  stm32f4xx_hal_adc.o(i.HAL_ADC_PollForConversion)
    HAL_ADC_Start                            0x0800137d   Thumb Code   228  stm32f4xx_hal_adc.o(i.HAL_ADC_Start)
    HAL_ADC_Stop                             0x08001479   Thumb Code    60  stm32f4xx_hal_adc.o(i.HAL_ADC_Stop)
    HAL_DMA_Abort                            0x080014b5   Thumb Code   142  stm32f4xx_hal_dma.o(i.HAL_DMA_Abort)
    HAL_DMA_Abort_IT                         0x08001543   Thumb Code    36  stm32f4xx_hal_dma.o(i.HAL_DMA_Abort_IT)
    HAL_Delay                                0x08001569   Thumb Code    32  stm32f4xx_hal.o(i.HAL_Delay)
    HAL_GPIO_Init                            0x0800158d   Thumb Code   448  stm32f4xx_hal_gpio.o(i.HAL_GPIO_Init)
    HAL_GPIO_ReadPin                         0x08001779   Thumb Code    10  stm32f4xx_hal_gpio.o(i.HAL_GPIO_ReadPin)
    HAL_GPIO_WritePin                        0x08001783   Thumb Code    10  stm32f4xx_hal_gpio.o(i.HAL_GPIO_WritePin)
    HAL_GetTick                              0x0800178d   Thumb Code     6  stm32f4xx_hal.o(i.HAL_GetTick)
    HAL_IncTick                              0x08001799   Thumb Code    12  stm32f4xx_hal.o(i.HAL_IncTick)
    HAL_Init                                 0x080017a9   Thumb Code    48  stm32f4xx_hal.o(i.HAL_Init)
    HAL_InitTick                             0x080017dd   Thumb Code    54  stm32f4xx_hal.o(i.HAL_InitTick)
    HAL_MspInit                              0x0800181d   Thumb Code    52  stm32f4xx_hal_msp.o(i.HAL_MspInit)
    HAL_NVIC_EnableIRQ                       0x08001855   Thumb Code    26  stm32f4xx_hal_cortex.o(i.HAL_NVIC_EnableIRQ)
    HAL_NVIC_SetPriority                     0x08001871   Thumb Code    60  stm32f4xx_hal_cortex.o(i.HAL_NVIC_SetPriority)
    HAL_NVIC_SetPriorityGrouping             0x080018b1   Thumb Code    26  stm32f4xx_hal_cortex.o(i.HAL_NVIC_SetPriorityGrouping)
    HAL_RCC_ClockConfig                      0x080018d5   Thumb Code   288  stm32f4xx_hal_rcc.o(i.HAL_RCC_ClockConfig)
    HAL_RCC_GetPCLK1Freq                     0x08001a09   Thumb Code    20  stm32f4xx_hal_rcc.o(i.HAL_RCC_GetPCLK1Freq)
    HAL_RCC_GetPCLK2Freq                     0x08001a29   Thumb Code    20  stm32f4xx_hal_rcc.o(i.HAL_RCC_GetPCLK2Freq)
    HAL_RCC_GetSysClockFreq                  0x08001a49   Thumb Code    88  stm32f4xx_hal_rcc.o(i.HAL_RCC_GetSysClockFreq)
    HAL_RCC_OscConfig                        0x08001aa9   Thumb Code   856  stm32f4xx_hal_rcc.o(i.HAL_RCC_OscConfig)
    HAL_SYSTICK_Config                       0x08001e15   Thumb Code    40  stm32f4xx_hal_cortex.o(i.HAL_SYSTICK_Config)
    HAL_UARTEx_RxEventCallback               0x08001e3d   Thumb Code     2  stm32f4xx_hal_uart.o(i.HAL_UARTEx_RxEventCallback)
    HAL_UART_ErrorCallback                   0x08001e3f   Thumb Code     2  stm32f4xx_hal_uart.o(i.HAL_UART_ErrorCallback)
    HAL_UART_IRQHandler                      0x08001e41   Thumb Code   522  stm32f4xx_hal_uart.o(i.HAL_UART_IRQHandler)
    HAL_UART_Init                            0x08002051   Thumb Code    98  stm32f4xx_hal_uart.o(i.HAL_UART_Init)
    HAL_UART_MspInit                         0x080020b5   Thumb Code   184  usart.o(i.HAL_UART_MspInit)
    HAL_UART_Receive_IT                      0x0800217d   Thumb Code    42  stm32f4xx_hal_uart.o(i.HAL_UART_Receive_IT)
    HAL_UART_RxCpltCallback                  0x080021a9   Thumb Code    14  usart.o(i.HAL_UART_RxCpltCallback)
    HAL_UART_Transmit                        0x080021bd   Thumb Code   178  stm32f4xx_hal_uart.o(i.HAL_UART_Transmit)
    HAL_UART_TxCpltCallback                  0x0800226f   Thumb Code     2  stm32f4xx_hal_uart.o(i.HAL_UART_TxCpltCallback)
    HardFault_Handler                        0x08002271   Thumb Code     2  stm32f4xx_it.o(i.HardFault_Handler)
    MX_ADC1_Init                             0x08002275   Thumb Code    84  adc.o(i.MX_ADC1_Init)
    MX_FREERTOS_Init                         0x080022d5   Thumb Code    96  freertos.o(i.MX_FREERTOS_Init)
    MX_GPIO_Init                             0x0800233d   Thumb Code   262  gpio.o(i.MX_GPIO_Init)
    MX_UART4_Init                            0x08002459   Thumb Code    48  usart.o(i.MX_UART4_Init)
    MX_USART1_UART_Init                      0x08002491   Thumb Code    48  usart.o(i.MX_USART1_UART_Init)
    MemManage_Handler                        0x080024c9   Thumb Code     2  stm32f4xx_it.o(i.MemManage_Handler)
    NMI_Handler                              0x080024cb   Thumb Code     2  stm32f4xx_it.o(i.NMI_Handler)
    StarLightTask                            0x080024cd   Thumb Code   100  freertos.o(i.StarLightTask)
    StartDHT11Task                           0x08002571   Thumb Code    54  freertos.o(i.StartDHT11Task)
    StartWIFIRecTask                         0x080025e1   Thumb Code   350  freertos.o(i.StartWIFIRecTask)
    StartWIFISendTask                        0x08002801   Thumb Code    86  freertos.o(i.StartWIFISendTask)
    SysTick_Handler                          0x08002875   Thumb Code    24  stm32f4xx_it.o(i.SysTick_Handler)
    SystemClock_Config                       0x0800288d   Thumb Code   134  main.o(i.SystemClock_Config)
    SystemInit                               0x0800291d   Thumb Code    12  system_stm32f4xx.o(i.SystemInit)
    UART4_IRQHandler                         0x0800292d   Thumb Code     6  stm32f4xx_it.o(i.UART4_IRQHandler)
    UART_Start_Receive_IT                    0x08002b35   Thumb Code    54  stm32f4xx_hal_uart.o(i.UART_Start_Receive_IT)
    USART1_IRQHandler                        0x08002bd1   Thumb Code     6  stm32f4xx_it.o(i.USART1_IRQHandler)
    UsageFault_Handler                       0x08002bdd   Thumb Code     2  stm32f4xx_it.o(i.UsageFault_Handler)
    Wifi_Interrupt                           0x08002be1   Thumb Code   102  esp8266.o(i.Wifi_Interrupt)
    Wifi_Reset                               0x08002c5d   Thumb Code   102  esp8266.o(i.Wifi_Reset)
    Wifi_SendCmd                             0x08002d01   Thumb Code   104  esp8266.o(i.Wifi_SendCmd)
    Wifi_SendData                            0x08002da1   Thumb Code    26  esp8266.o(i.Wifi_SendData)
    __0printf                                0x08002dc1   Thumb Code    22  printfa.o(i.__0printf)
    __1printf                                0x08002dc1   Thumb Code     0  printfa.o(i.__0printf)
    __2printf                                0x08002dc1   Thumb Code     0  printfa.o(i.__0printf)
    __c89printf                              0x08002dc1   Thumb Code     0  printfa.o(i.__0printf)
    printf                                   0x08002dc1   Thumb Code     0  printfa.o(i.__0printf)
    __0sprintf                               0x08002de1   Thumb Code    34  printfa.o(i.__0sprintf)
    __1sprintf                               0x08002de1   Thumb Code     0  printfa.o(i.__0sprintf)
    __2sprintf                               0x08002de1   Thumb Code     0  printfa.o(i.__0sprintf)
    __c89sprintf                             0x08002de1   Thumb Code     0  printfa.o(i.__0sprintf)
    sprintf                                  0x08002de1   Thumb Code     0  printfa.o(i.__0sprintf)
    __scatterload_copy                       0x08002e29   Thumb Code    14  handlers.o(i.__scatterload_copy)
    __scatterload_null                       0x08002e37   Thumb Code     2  handlers.o(i.__scatterload_null)
    __scatterload_zeroinit                   0x08002e39   Thumb Code    14  handlers.o(i.__scatterload_zeroinit)
    fputc                                    0x08003705   Thumb Code    24  usart.o(i.fputc)
    main                                     0x0800372d   Thumb Code    42  main.o(i.main)
    osDelay                                  0x08003763   Thumb Code    14  cmsis_os.o(i.osDelay)
    osKernelStart                            0x08003771   Thumb Code    10  cmsis_os.o(i.osKernelStart)
    osThreadCreate                           0x0800377b   Thumb Code    84  cmsis_os.o(i.osThreadCreate)
    osThreadResume                           0x080037d1   Thumb Code    46  cmsis_os.o(i.osThreadResume)
    osThreadSuspend                          0x08003805   Thumb Code    10  cmsis_os.o(i.osThreadSuspend)
    pvPortMalloc                             0x08003b91   Thumb Code   216  heap_4.o(i.pvPortMalloc)
    pxPortInitialiseStack                    0x08003c6d   Thumb Code    40  port.o(i.pxPortInitialiseStack)
    uxListRemove                             0x08003c99   Thumb Code    38  list.o(i.uxListRemove)
    vApplicationGetIdleTaskMemory            0x08003cc1   Thumb Code    16  freertos.o(i.vApplicationGetIdleTaskMemory)
    vListInitialise                          0x08003cd5   Thumb Code    22  list.o(i.vListInitialise)
    vListInitialiseItem                      0x08003ceb   Thumb Code     6  list.o(i.vListInitialiseItem)
    vListInsert                              0x08003cf1   Thumb Code    48  list.o(i.vListInsert)
    vListInsertEnd                           0x08003d21   Thumb Code    24  list.o(i.vListInsertEnd)
    vPortEnterCritical                       0x08003d39   Thumb Code    54  port.o(i.vPortEnterCritical)
    vPortExitCritical                        0x08003d79   Thumb Code    34  port.o(i.vPortExitCritical)
    vPortFree                                0x08003da1   Thumb Code    94  heap_4.o(i.vPortFree)
    vPortSetupTimerInterrupt                 0x08003e05   Thumb Code    32  port.o(i.vPortSetupTimerInterrupt)
    vPortValidateInterruptPriority           0x08003e29   Thumb Code    74  port.o(i.vPortValidateInterruptPriority)
    vTaskDelay                               0x08003e7d   Thumb Code    66  tasks.o(i.vTaskDelay)
    vTaskResume                              0x08003ec9   Thumb Code   112  tasks.o(i.vTaskResume)
    vTaskStartScheduler                      0x08003f45   Thumb Code    90  tasks.o(i.vTaskStartScheduler)
    vTaskSuspend                             0x08003fb1   Thumb Code   174  tasks.o(i.vTaskSuspend)
    vTaskSuspendAll                          0x0800406d   Thumb Code    10  tasks.o(i.vTaskSuspendAll)
    vTaskSwitchContext                       0x0800407d   Thumb Code    82  tasks.o(i.vTaskSwitchContext)
    xPortStartScheduler                      0x080040d9   Thumb Code   222  port.o(i.xPortStartScheduler)
    xPortSysTickHandler                      0x080041cd   Thumb Code    38  port.o(i.xPortSysTickHandler)
    xTaskCreate                              0x080041f9   Thumb Code    90  tasks.o(i.xTaskCreate)
    xTaskCreateStatic                        0x08004253   Thumb Code    86  tasks.o(i.xTaskCreateStatic)
    xTaskGetSchedulerState                   0x080042a9   Thumb Code    22  tasks.o(i.xTaskGetSchedulerState)
    xTaskIncrementTick                       0x080042c5   Thumb Code   194  tasks.o(i.xTaskIncrementTick)
    xTaskResumeAll                           0x08004391   Thumb Code   182  tasks.o(i.xTaskResumeAll)
    xTaskResumeFromISR                       0x08004455   Thumb Code   128  tasks.o(i.xTaskResumeFromISR)
    AHBPrescTable                            0x0800454c   Data          16  system_stm32f4xx.o(.constdata)
    APBPrescTable                            0x0800455c   Data           8  system_stm32f4xx.o(.constdata)
    Region$$Table$$Base                      0x08004598   Number         0  anon$$obj.o(Region$$Table)
    Region$$Table$$Limit                     0x080045b8   Number         0  anon$$obj.o(Region$$Table)
    adc_val                                  0x20000000   Data           4  freertos.o(.data)
    WIFISendTaskHandle                       0x20000004   Data           4  freertos.o(.data)
    WIFIRecTaskHandle                        0x20000008   Data           4  freertos.o(.data)
    DHT11TaskHandle                          0x2000000c   Data           4  freertos.o(.data)
    LightTaskHandle                          0x20000010   Data           4  freertos.o(.data)
    esp8266_step                             0x20000014   Data           1  esp8266.o(.data)
    rx_temp                                  0x20000015   Data           1  esp8266.o(.data)
    wifi_count                               0x20000016   Data           2  esp8266.o(.data)
    port                                     0x20000018   Data           4  esp8266.o(.data)
    name                                     0x2000001c   Data           9  esp8266.o(.data)
    password                                 0x20000025   Data          11  esp8266.o(.data)
    address                                  0x20000030   Data          14  esp8266.o(.data)
    uwTickFreq                               0x20000040   Data           1  stm32f4xx_hal.o(.data)
    uwTickPrio                               0x20000044   Data           4  stm32f4xx_hal.o(.data)
    uwTick                                   0x20000048   Data           4  stm32f4xx_hal.o(.data)
    SystemCoreClock                          0x2000004c   Data           4  system_stm32f4xx.o(.data)
    pxCurrentTCB                             0x20000050   Data           4  tasks.o(.data)
    __stdout                                 0x200000b8   Data           4  stdout.o(.data)
    dht11_data                               0x200000bc   Data          16  freertos.o(.bss)
    hadc1                                    0x20000320   Data          72  adc.o(.bss)
    huart4                                   0x20000368   Data          68  usart.o(.bss)
    huart1                                   0x200003ac   Data          68  usart.o(.bss)
    wifi_rxbuf                               0x200003f0   Data         200  esp8266.o(.bss)
    __initial_sp                             0x200045a8   Data           0  startup_stm32f407xx.o(STACK)



==============================================================================

Memory Map of the image

  Image Entry point : 0x08000189

  Load Region LR_IROM1 (Base: 0x08000000, Size: 0x00004674, Max: 0x00100000, ABSOLUTE)

    Execution Region ER_IROM1 (Exec base: 0x08000000, Load base: 0x08000000, Size: 0x000045b8, Max: 0x00100000, ABSOLUTE)

    Exec Addr    Load Addr    Size         Type   Attr      Idx    E Section Name        Object

    0x08000000   0x08000000   0x00000188   Data   RO            3    RESET               startup_stm32f407xx.o
    0x08000188   0x08000188   0x00000000   Code   RO         3897  * .ARM.Collect$$$$00000000  mc_w.l(entry.o)
    0x08000188   0x08000188   0x00000004   Code   RO         4185    .ARM.Collect$$$$00000001  mc_w.l(entry2.o)
    0x0800018c   0x0800018c   0x00000004   Code   RO         4188    .ARM.Collect$$$$00000004  mc_w.l(entry5.o)
    0x08000190   0x08000190   0x00000000   Code   RO         4190    .ARM.Collect$$$$00000008  mc_w.l(entry7b.o)
    0x08000190   0x08000190   0x00000000   Code   RO         4192    .ARM.Collect$$$$0000000A  mc_w.l(entry8b.o)
    0x08000190   0x08000190   0x00000008   Code   RO         4193    .ARM.Collect$$$$0000000B  mc_w.l(entry9a.o)
    0x08000198   0x08000198   0x00000000   Code   RO         4195    .ARM.Collect$$$$0000000D  mc_w.l(entry10a.o)
    0x08000198   0x08000198   0x00000000   Code   RO         4197    .ARM.Collect$$$$0000000F  mc_w.l(entry11a.o)
    0x08000198   0x08000198   0x00000004   Code   RO         4186    .ARM.Collect$$$$00002712  mc_w.l(entry2.o)
    0x0800019c   0x0800019c   0x000000be   Code   RO         3820    .emb_text           port.o
    0x0800025a   0x0800025a   0x00000002   PAD
    0x0800025c   0x0800025c   0x00000024   Code   RO            4    .text               startup_stm32f407xx.o
    0x08000280   0x08000280   0x00000062   Code   RO         3900    .text               mc_w.l(uldiv.o)
    0x080002e2   0x080002e2   0x00000024   Code   RO         3902    .text               mc_w.l(memcpya.o)
    0x08000306   0x08000306   0x00000024   Code   RO         3906    .text               mc_w.l(memseta.o)
    0x0800032a   0x0800032a   0x00000024   Code   RO         3908    .text               mc_w.l(strstr.o)
    0x0800034e   0x0800034e   0x0000000e   Code   RO         3910    .text               mc_w.l(strlen.o)
    0x0800035c   0x0800035c   0x0000001c   Code   RO         3912    .text               mc_w.l(strcmp.o)
    0x08000378   0x08000378   0x000000e4   Code   RO         4177    .text               mf_w.l(dmul.o)
    0x0800045c   0x0800045c   0x0000001a   Code   RO         4179    .text               mf_w.l(dfltui.o)
    0x08000476   0x08000476   0x00000026   Code   RO         4181    .text               mf_w.l(f2d.o)
    0x0800049c   0x0800049c   0x00000038   Code   RO         4183    .text               mf_w.l(d2f.o)
    0x080004d4   0x080004d4   0x0000002c   Code   RO         4200    .text               mc_w.l(uidiv.o)
    0x08000500   0x08000500   0x0000001e   Code   RO         4202    .text               mc_w.l(llshl.o)
    0x0800051e   0x0800051e   0x00000020   Code   RO         4204    .text               mc_w.l(llushr.o)
    0x0800053e   0x0800053e   0x00000000   Code   RO         4206    .text               mc_w.l(iusefp.o)
    0x0800053e   0x0800053e   0x0000006e   Code   RO         4207    .text               mf_w.l(fepilogue.o)
    0x080005ac   0x080005ac   0x000000ba   Code   RO         4209    .text               mf_w.l(depilogue.o)
    0x08000666   0x08000666   0x0000014e   Code   RO         4211    .text               mf_w.l(dadd.o)
    0x080007b4   0x080007b4   0x000000de   Code   RO         4213    .text               mf_w.l(ddiv.o)
    0x08000892   0x08000892   0x00000030   Code   RO         4215    .text               mf_w.l(dfixul.o)
    0x080008c2   0x080008c2   0x00000002   PAD
    0x080008c4   0x080008c4   0x00000030   Code   RO         4217    .text               mf_w.l(cdrcmple.o)
    0x080008f4   0x080008f4   0x00000024   Code   RO         4219    .text               mc_w.l(init.o)
    0x08000918   0x08000918   0x00000024   Code   RO         4221    .text               mc_w.l(llsshr.o)
    0x0800093c   0x0800093c   0x0000000c   Code   RO          552    i.ADC_IRQHandler    stm32f4xx_it.o
    0x08000948   0x08000948   0x00000128   Code   RO          761    i.ADC_Init          stm32f4xx_hal_adc.o
    0x08000a70   0x08000a70   0x00000002   Code   RO          553    i.BusFault_Handler  stm32f4xx_it.o
    0x08000a72   0x08000a72   0x00000016   Code   RO          713    i.DHT11_Delay       dht11.o
    0x08000a88   0x08000a88   0x00000030   Code   RO          714    i.DHT11_Init        dht11.o
    0x08000ab8   0x08000ab8   0x00000020   Code   RO          715    i.DHT11_Mode_Out_PP  dht11.o
    0x08000ad8   0x08000ad8   0x00000060   Code   RO          716    i.DHT11_ReadByte    dht11.o
    0x08000b38   0x08000b38   0x000000f8   Code   RO          717    i.DHT11_Read_TempAndHumidity  dht11.o
    0x08000c30   0x08000c30   0x00000002   Code   RO          554    i.DebugMon_Handler  stm32f4xx_it.o
    0x08000c32   0x08000c32   0x00000002   PAD
    0x08000c34   0x08000c34   0x0000033c   Code   RO          657    i.ESP8266_Station_Config  esp8266.o
    0x08000f70   0x08000f70   0x00000004   Code   RO           13    i.Error_Handler     main.o
    0x08000f74   0x08000f74   0x00000002   Code   RO          932    i.HAL_ADCEx_InjectedConvCpltCallback  stm32f4xx_hal_adc_ex.o
    0x08000f76   0x08000f76   0x00000002   PAD
    0x08000f78   0x08000f78   0x0000014c   Code   RO          763    i.HAL_ADC_ConfigChannel  stm32f4xx_hal_adc.o
    0x080010c4   0x080010c4   0x00000002   Code   RO          764    i.HAL_ADC_ConvCpltCallback  stm32f4xx_hal_adc.o
    0x080010c6   0x080010c6   0x00000002   Code   RO          767    i.HAL_ADC_ErrorCallback  stm32f4xx_hal_adc.o
    0x080010c8   0x080010c8   0x00000006   Code   RO          770    i.HAL_ADC_GetValue  stm32f4xx_hal_adc.o
    0x080010ce   0x080010ce   0x0000013c   Code   RO          771    i.HAL_ADC_IRQHandler  stm32f4xx_hal_adc.o
    0x0800120a   0x0800120a   0x00000054   Code   RO          772    i.HAL_ADC_Init      stm32f4xx_hal_adc.o
    0x0800125e   0x0800125e   0x00000002   Code   RO          773    i.HAL_ADC_LevelOutOfWindowCallback  stm32f4xx_hal_adc.o
    0x08001260   0x08001260   0x00000070   Code   RO          451    i.HAL_ADC_MspInit   adc.o
    0x080012d0   0x080012d0   0x000000aa   Code   RO          776    i.HAL_ADC_PollForConversion  stm32f4xx_hal_adc.o
    0x0800137a   0x0800137a   0x00000002   PAD
    0x0800137c   0x0800137c   0x000000fc   Code   RO          778    i.HAL_ADC_Start     stm32f4xx_hal_adc.o
    0x08001478   0x08001478   0x0000003c   Code   RO          781    i.HAL_ADC_Stop      stm32f4xx_hal_adc.o
    0x080014b4   0x080014b4   0x0000008e   Code   RO         1498    i.HAL_DMA_Abort     stm32f4xx_hal_dma.o
    0x08001542   0x08001542   0x00000024   Code   RO         1499    i.HAL_DMA_Abort_IT  stm32f4xx_hal_dma.o
    0x08001566   0x08001566   0x00000002   PAD
    0x08001568   0x08001568   0x00000024   Code   RO         1917    i.HAL_Delay         stm32f4xx_hal.o
    0x0800158c   0x0800158c   0x000001ec   Code   RO         1391    i.HAL_GPIO_Init     stm32f4xx_hal_gpio.o
    0x08001778   0x08001778   0x0000000a   Code   RO         1393    i.HAL_GPIO_ReadPin  stm32f4xx_hal_gpio.o
    0x08001782   0x08001782   0x0000000a   Code   RO         1395    i.HAL_GPIO_WritePin  stm32f4xx_hal_gpio.o
    0x0800178c   0x0800178c   0x0000000c   Code   RO         1923    i.HAL_GetTick       stm32f4xx_hal.o
    0x08001798   0x08001798   0x00000010   Code   RO         1929    i.HAL_IncTick       stm32f4xx_hal.o
    0x080017a8   0x080017a8   0x00000034   Code   RO         1930    i.HAL_Init          stm32f4xx_hal.o
    0x080017dc   0x080017dc   0x00000040   Code   RO         1931    i.HAL_InitTick      stm32f4xx_hal.o
    0x0800181c   0x0800181c   0x00000038   Code   RO          633    i.HAL_MspInit       stm32f4xx_hal_msp.o
    0x08001854   0x08001854   0x0000001a   Code   RO         1780    i.HAL_NVIC_EnableIRQ  stm32f4xx_hal_cortex.o
    0x0800186e   0x0800186e   0x00000002   PAD
    0x08001870   0x08001870   0x00000040   Code   RO         1786    i.HAL_NVIC_SetPriority  stm32f4xx_hal_cortex.o
    0x080018b0   0x080018b0   0x00000024   Code   RO         1787    i.HAL_NVIC_SetPriorityGrouping  stm32f4xx_hal_cortex.o
    0x080018d4   0x080018d4   0x00000134   Code   RO         1037    i.HAL_RCC_ClockConfig  stm32f4xx_hal_rcc.o
    0x08001a08   0x08001a08   0x00000020   Code   RO         1044    i.HAL_RCC_GetPCLK1Freq  stm32f4xx_hal_rcc.o
    0x08001a28   0x08001a28   0x00000020   Code   RO         1045    i.HAL_RCC_GetPCLK2Freq  stm32f4xx_hal_rcc.o
    0x08001a48   0x08001a48   0x00000060   Code   RO         1046    i.HAL_RCC_GetSysClockFreq  stm32f4xx_hal_rcc.o
    0x08001aa8   0x08001aa8   0x0000036c   Code   RO         1049    i.HAL_RCC_OscConfig  stm32f4xx_hal_rcc.o
    0x08001e14   0x08001e14   0x00000028   Code   RO         1791    i.HAL_SYSTICK_Config  stm32f4xx_hal_cortex.o
    0x08001e3c   0x08001e3c   0x00000002   Code   RO         2215    i.HAL_UARTEx_RxEventCallback  stm32f4xx_hal_uart.o
    0x08001e3e   0x08001e3e   0x00000002   Code   RO         2229    i.HAL_UART_ErrorCallback  stm32f4xx_hal_uart.o
    0x08001e40   0x08001e40   0x00000210   Code   RO         2232    i.HAL_UART_IRQHandler  stm32f4xx_hal_uart.o
    0x08002050   0x08002050   0x00000062   Code   RO         2233    i.HAL_UART_Init     stm32f4xx_hal_uart.o
    0x080020b2   0x080020b2   0x00000002   PAD
    0x080020b4   0x080020b4   0x000000c8   Code   RO          493    i.HAL_UART_MspInit  usart.o
    0x0800217c   0x0800217c   0x0000002a   Code   RO         2238    i.HAL_UART_Receive_IT  stm32f4xx_hal_uart.o
    0x080021a6   0x080021a6   0x00000002   PAD
    0x080021a8   0x080021a8   0x00000014   Code   RO          494    i.HAL_UART_RxCpltCallback  usart.o
    0x080021bc   0x080021bc   0x000000b2   Code   RO         2241    i.HAL_UART_Transmit  stm32f4xx_hal_uart.o
    0x0800226e   0x0800226e   0x00000002   Code   RO         2244    i.HAL_UART_TxCpltCallback  stm32f4xx_hal_uart.o
    0x08002270   0x08002270   0x00000002   Code   RO          555    i.HardFault_Handler  stm32f4xx_it.o
    0x08002272   0x08002272   0x00000002   PAD
    0x08002274   0x08002274   0x00000060   Code   RO          452    i.MX_ADC1_Init      adc.o
    0x080022d4   0x080022d4   0x00000068   Code   RO          239    i.MX_FREERTOS_Init  freertos.o
    0x0800233c   0x0800233c   0x0000011c   Code   RO          215    i.MX_GPIO_Init      gpio.o
    0x08002458   0x08002458   0x00000038   Code   RO          495    i.MX_UART4_Init     usart.o
    0x08002490   0x08002490   0x00000038   Code   RO          496    i.MX_USART1_UART_Init  usart.o
    0x080024c8   0x080024c8   0x00000002   Code   RO          556    i.MemManage_Handler  stm32f4xx_it.o
    0x080024ca   0x080024ca   0x00000002   Code   RO          557    i.NMI_Handler       stm32f4xx_it.o
    0x080024cc   0x080024cc   0x000000a4   Code   RO          240    i.StarLightTask     freertos.o
    0x08002570   0x08002570   0x00000070   Code   RO          241    i.StartDHT11Task    freertos.o
    0x080025e0   0x080025e0   0x00000220   Code   RO          242    i.StartWIFIRecTask  freertos.o
    0x08002800   0x08002800   0x00000074   Code   RO          243    i.StartWIFISendTask  freertos.o
    0x08002874   0x08002874   0x00000018   Code   RO          558    i.SysTick_Handler   stm32f4xx_it.o
    0x0800288c   0x0800288c   0x00000090   Code   RO           14    i.SystemClock_Config  main.o
    0x0800291c   0x0800291c   0x00000010   Code   RO         2562    i.SystemInit        system_stm32f4xx.o
    0x0800292c   0x0800292c   0x0000000c   Code   RO          559    i.UART4_IRQHandler  stm32f4xx_it.o
    0x08002938   0x08002938   0x00000010   Code   RO         2246    i.UART_DMAAbortOnError  stm32f4xx_hal_uart.o
    0x08002948   0x08002948   0x00000030   Code   RO         2256    i.UART_EndRxTransfer  stm32f4xx_hal_uart.o
    0x08002978   0x08002978   0x000000ae   Code   RO         2258    i.UART_Receive_IT   stm32f4xx_hal_uart.o
    0x08002a26   0x08002a26   0x00000002   PAD
    0x08002a28   0x08002a28   0x0000010c   Code   RO         2259    i.UART_SetConfig    stm32f4xx_hal_uart.o
    0x08002b34   0x08002b34   0x00000036   Code   RO         2261    i.UART_Start_Receive_IT  stm32f4xx_hal_uart.o
    0x08002b6a   0x08002b6a   0x00000064   Code   RO         2262    i.UART_WaitOnFlagUntilTimeout  stm32f4xx_hal_uart.o
    0x08002bce   0x08002bce   0x00000002   PAD
    0x08002bd0   0x08002bd0   0x0000000c   Code   RO          560    i.USART1_IRQHandler  stm32f4xx_it.o
    0x08002bdc   0x08002bdc   0x00000002   Code   RO          561    i.UsageFault_Handler  stm32f4xx_it.o
    0x08002bde   0x08002bde   0x00000002   PAD
    0x08002be0   0x08002be0   0x0000007c   Code   RO          658    i.Wifi_Interrupt    esp8266.o
    0x08002c5c   0x08002c5c   0x000000a4   Code   RO          659    i.Wifi_Reset        esp8266.o
    0x08002d00   0x08002d00   0x000000a0   Code   RO          660    i.Wifi_SendCmd      esp8266.o
    0x08002da0   0x08002da0   0x00000020   Code   RO          661    i.Wifi_SendData     esp8266.o
    0x08002dc0   0x08002dc0   0x00000020   Code   RO         4149    i.__0printf         mc_w.l(printfa.o)
    0x08002de0   0x08002de0   0x00000028   Code   RO         4151    i.__0sprintf        mc_w.l(printfa.o)
    0x08002e08   0x08002e08   0x00000020   Code   RO         1793    i.__NVIC_SetPriority  stm32f4xx_hal_cortex.o
    0x08002e28   0x08002e28   0x0000000e   Code   RO         4225    i.__scatterload_copy  mc_w.l(handlers.o)
    0x08002e36   0x08002e36   0x00000002   Code   RO         4226    i.__scatterload_null  mc_w.l(handlers.o)
    0x08002e38   0x08002e38   0x0000000e   Code   RO         4227    i.__scatterload_zeroinit  mc_w.l(handlers.o)
    0x08002e46   0x08002e46   0x00000002   PAD
    0x08002e48   0x08002e48   0x00000184   Code   RO         4156    i._fp_digits        mc_w.l(printfa.o)
    0x08002fcc   0x08002fcc   0x000006dc   Code   RO         4157    i._printf_core      mc_w.l(printfa.o)
    0x080036a8   0x080036a8   0x00000024   Code   RO         4158    i._printf_post_padding  mc_w.l(printfa.o)
    0x080036cc   0x080036cc   0x0000002e   Code   RO         4159    i._printf_pre_padding  mc_w.l(printfa.o)
    0x080036fa   0x080036fa   0x0000000a   Code   RO         4161    i._sputc            mc_w.l(printfa.o)
    0x08003704   0x08003704   0x0000001c   Code   RO          497    i.fputc             usart.o
    0x08003720   0x08003720   0x0000000c   Code   RO         3384    i.inHandlerMode     cmsis_os.o
    0x0800372c   0x0800372c   0x0000002a   Code   RO           15    i.main              main.o
    0x08003756   0x08003756   0x0000000c   Code   RO         3386    i.makeFreeRtosPriority  cmsis_os.o
    0x08003762   0x08003762   0x0000000e   Code   RO         3388    i.osDelay           cmsis_os.o
    0x08003770   0x08003770   0x0000000a   Code   RO         3391    i.osKernelStart     cmsis_os.o
    0x0800377a   0x0800377a   0x00000054   Code   RO         3425    i.osThreadCreate    cmsis_os.o
    0x080037ce   0x080037ce   0x00000002   PAD
    0x080037d0   0x080037d0   0x00000034   Code   RO         3429    i.osThreadResume    cmsis_os.o
    0x08003804   0x08003804   0x0000000a   Code   RO         3432    i.osThreadSuspend   cmsis_os.o
    0x0800380e   0x0800380e   0x00000002   PAD
    0x08003810   0x08003810   0x00000070   Code   RO         3068    i.prvAddCurrentTaskToDelayedList  tasks.o
    0x08003880   0x08003880   0x000000d0   Code   RO         3069    i.prvAddNewTaskToReadyList  tasks.o
    0x08003950   0x08003950   0x00000034   Code   RO         3070    i.prvDeleteTCB      tasks.o
    0x08003984   0x08003984   0x0000004c   Code   RO         3753    i.prvHeapInit       heap_4.o
    0x080039d0   0x080039d0   0x00000060   Code   RO         3071    i.prvIdleTask       tasks.o
    0x08003a30   0x08003a30   0x00000098   Code   RO         3072    i.prvInitialiseNewTask  tasks.o
    0x08003ac8   0x08003ac8   0x0000004c   Code   RO         3754    i.prvInsertBlockIntoFreeList  heap_4.o
    0x08003b14   0x08003b14   0x00000020   Code   RO         3073    i.prvResetNextTaskUnblockTime  tasks.o
    0x08003b34   0x08003b34   0x00000028   Code   RO         3821    i.prvTaskExitError  port.o
    0x08003b5c   0x08003b5c   0x00000034   Code   RO         3074    i.prvTaskIsTaskSuspended  tasks.o
    0x08003b90   0x08003b90   0x000000dc   Code   RO         3755    i.pvPortMalloc      heap_4.o
    0x08003c6c   0x08003c6c   0x0000002c   Code   RO         3822    i.pxPortInitialiseStack  port.o
    0x08003c98   0x08003c98   0x00000026   Code   RO         2704    i.uxListRemove      list.o
    0x08003cbe   0x08003cbe   0x00000002   PAD
    0x08003cc0   0x08003cc0   0x00000014   Code   RO          244    i.vApplicationGetIdleTaskMemory  freertos.o
    0x08003cd4   0x08003cd4   0x00000016   Code   RO         2705    i.vListInitialise   list.o
    0x08003cea   0x08003cea   0x00000006   Code   RO         2706    i.vListInitialiseItem  list.o
    0x08003cf0   0x08003cf0   0x00000030   Code   RO         2707    i.vListInsert       list.o
    0x08003d20   0x08003d20   0x00000018   Code   RO         2708    i.vListInsertEnd    list.o
    0x08003d38   0x08003d38   0x00000040   Code   RO         3824    i.vPortEnterCritical  port.o
    0x08003d78   0x08003d78   0x00000028   Code   RO         3825    i.vPortExitCritical  port.o
    0x08003da0   0x08003da0   0x00000064   Code   RO         3756    i.vPortFree         heap_4.o
    0x08003e04   0x08003e04   0x00000024   Code   RO         3826    i.vPortSetupTimerInterrupt  port.o
    0x08003e28   0x08003e28   0x00000054   Code   RO         3827    i.vPortValidateInterruptPriority  port.o
    0x08003e7c   0x08003e7c   0x0000004c   Code   RO         3082    i.vTaskDelay        tasks.o
    0x08003ec8   0x08003ec8   0x0000007c   Code   RO         3093    i.vTaskResume       tasks.o
    0x08003f44   0x08003f44   0x0000006c   Code   RO         3095    i.vTaskStartScheduler  tasks.o
    0x08003fb0   0x08003fb0   0x000000bc   Code   RO         3096    i.vTaskSuspend      tasks.o
    0x0800406c   0x0800406c   0x00000010   Code   RO         3097    i.vTaskSuspendAll   tasks.o
    0x0800407c   0x0800407c   0x0000005c   Code   RO         3098    i.vTaskSwitchContext  tasks.o
    0x080040d8   0x080040d8   0x000000f4   Code   RO         3828    i.xPortStartScheduler  port.o
    0x080041cc   0x080041cc   0x0000002c   Code   RO         3829    i.xPortSysTickHandler  port.o
    0x080041f8   0x080041f8   0x0000005a   Code   RO         3101    i.xTaskCreate       tasks.o
    0x08004252   0x08004252   0x00000056   Code   RO         3102    i.xTaskCreateStatic  tasks.o
    0x080042a8   0x080042a8   0x0000001c   Code   RO         3106    i.xTaskGetSchedulerState  tasks.o
    0x080042c4   0x080042c4   0x000000cc   Code   RO         3109    i.xTaskIncrementTick  tasks.o
    0x08004390   0x08004390   0x000000c4   Code   RO         3115    i.xTaskResumeAll    tasks.o
    0x08004454   0x08004454   0x00000088   Code   RO         3116    i.xTaskResumeFromISR  tasks.o
    0x080044dc   0x080044dc   0x00000070   Data   RO          246    .constdata          freertos.o
    0x0800454c   0x0800454c   0x00000010   Data   RO         2563    .constdata          system_stm32f4xx.o
    0x0800455c   0x0800455c   0x00000008   Data   RO         2564    .constdata          system_stm32f4xx.o
    0x08004564   0x08004564   0x00000032   Data   RO          247    .conststring        freertos.o
    0x08004596   0x08004596   0x00000002   PAD
    0x08004598   0x08004598   0x00000020   Data   RO         4223    Region$$Table       anon$$obj.o


    Execution Region RW_IRAM2 (Exec base: 0x10000000, Load base: 0x08004674, Size: 0x00000000, Max: 0x00010000, ABSOLUTE)

    **** No section assigned to this execution region ****


    Execution Region RW_IRAM1 (Exec base: 0x20000000, Load base: 0x080045b8, Size: 0x000045a8, Max: 0x00020000, ABSOLUTE)

    Exec Addr    Load Addr    Size         Type   Attr      Idx    E Section Name        Object

    0x20000000   0x080045b8   0x00000014   Data   RW          248    .data               freertos.o
    0x20000014   0x080045cc   0x0000002a   Data   RW          663    .data               esp8266.o
    0x2000003e   0x080045f6   0x00000002   PAD
    0x20000040   0x080045f8   0x0000000c   Data   RW         1937    .data               stm32f4xx_hal.o
    0x2000004c   0x08004604   0x00000004   Data   RW         2565    .data               system_stm32f4xx.o
    0x20000050   0x08004608   0x0000003c   Data   RW         3118    .data               tasks.o
    0x2000008c   0x08004644   0x00000020   Data   RW         3762    .data               heap_4.o
    0x200000ac   0x08004664   0x0000000c   Data   RW         3830    .data               port.o
    0x200000b8   0x08004670   0x00000004   Data   RW         4199    .data               mc_w.l(stdout.o)
    0x200000bc        -       0x00000264   Zero   RW          245    .bss                freertos.o
    0x20000320        -       0x00000048   Zero   RW          453    .bss                adc.o
    0x20000368        -       0x00000088   Zero   RW          498    .bss                usart.o
    0x200003f0        -       0x000000c8   Zero   RW          662    .bss                esp8266.o
    0x200004b8        -       0x000000f0   Zero   RW         3117    .bss                tasks.o
    0x200005a8        -       0x00003c00   Zero   RW         3761    .bss                heap_4.o
    0x200041a8        -       0x00000400   Zero   RW            1    STACK               startup_stm32f407xx.o


==============================================================================

Image component sizes


      Code (inc. data)   RO Data    RW Data    ZI Data      Debug   Object Name

       208         24          0          0         72       1701   adc.o
       194          6          0          0          0      30180   cmsis_os.o
       446         28          0          0          0       3398   dht11.o
      1308        660          0         42        200       4166   esp8266.o
         0          0          0          0          0      16876   event_groups.o
      1060        358        162         20        612      34753   freertos.o
       284         22          0          0          0       1075   gpio.o
       472         24          0         32      15360       7399   heap_4.o
       138          0          0          0          0       3534   list.o
       190         10          0          0          0     695360   main.o
       786         82          0         12          0      11833   port.o
        36          8        392          0       1024        832   startup_stm32f407xx.o
       180         28          0         12          0       9389   stm32f4xx_hal.o
      1522         52          0          0          0       8460   stm32f4xx_hal_adc.o
         2          0          0          0          0        977   stm32f4xx_hal_adc_ex.o
       198         14          0          0          0      33935   stm32f4xx_hal_cortex.o
       178          0          0          0          0       2091   stm32f4xx_hal_dma.o
       512         44          0          0          0       2843   stm32f4xx_hal_gpio.o
        56          4          0          0          0        862   stm32f4xx_hal_msp.o
      1344         72          0          0          0       5228   stm32f4xx_hal_rcc.o
      1512         16          0          0          0      10948   stm32f4xx_hal_uart.o
        72         18          0          0          0       4699   stm32f4xx_it.o
         0          0          0          0          0        392   stream_buffer.o
        16          4         24          4          0       1123   system_stm32f4xx.o
      2048        156          0         60        240      23837   tasks.o
       360         42          0          0        136       3503   usart.o

    ----------------------------------------------------------------------
     13152       1672        612        184      17644     919394   Object Totals
         0          0         32          0          0          0   (incl. Generated)
        30          0          2          2          0          0   (incl. Padding)

    ----------------------------------------------------------------------

      Code (inc. data)   RO Data    RW Data    ZI Data      Debug   Library Member Name

         0          0          0          0          0          0   entry.o
         0          0          0          0          0          0   entry10a.o
         0          0          0          0          0          0   entry11a.o
         8          4          0          0          0          0   entry2.o
         4          0          0          0          0          0   entry5.o
         0          0          0          0          0          0   entry7b.o
         0          0          0          0          0          0   entry8b.o
         8          4          0          0          0          0   entry9a.o
        30          0          0          0          0          0   handlers.o
        36          8          0          0          0         68   init.o
         0          0          0          0          0          0   iusefp.o
        30          0          0          0          0         68   llshl.o
        36          0          0          0          0         68   llsshr.o
        32          0          0          0          0         68   llushr.o
        36          0          0          0          0         68   memcpya.o
        36          0          0          0          0        108   memseta.o
      2308         96          0          0          0        604   printfa.o
         0          0          0          4          0          0   stdout.o
        28          0          0          0          0         76   strcmp.o
        14          0          0          0          0         68   strlen.o
        36          0          0          0          0         80   strstr.o
        44          0          0          0          0         80   uidiv.o
        98          0          0          0          0         92   uldiv.o
        48          0          0          0          0         68   cdrcmple.o
        56          0          0          0          0         88   d2f.o
       334          0          0          0          0        148   dadd.o
       222          0          0          0          0        100   ddiv.o
       186          0          0          0          0        176   depilogue.o
        48          0          0          0          0         68   dfixul.o
        26          0          0          0          0         76   dfltui.o
       228          0          0          0          0         96   dmul.o
        38          0          0          0          0         68   f2d.o
       110          0          0          0          0        168   fepilogue.o

    ----------------------------------------------------------------------
      4084        112          0          4          0       2504   Library Totals
         4          0          0          0          0          0   (incl. Padding)

    ----------------------------------------------------------------------

      Code (inc. data)   RO Data    RW Data    ZI Data      Debug   Library Name

      2784        112          0          4          0       1448   mc_w.l
      1296          0          0          0          0       1056   mf_w.l

    ----------------------------------------------------------------------
      4084        112          0          4          0       2504   Library Totals

    ----------------------------------------------------------------------

==============================================================================


      Code (inc. data)   RO Data    RW Data    ZI Data      Debug   

     17236       1784        612        188      17644     908702   Grand Totals
     17236       1784        612        188      17644     908702   ELF Image Totals
     17236       1784        612        188          0          0   ROM Totals

==============================================================================

    Total RO  Size (Code + RO Data)                17848 (  17.43kB)
    Total RW  Size (RW Data + ZI Data)             17832 (  17.41kB)
    Total ROM Size (Code + RO Data + RW Data)      18036 (  17.61kB)

==============================================================================

